Archive member included to satisfy reference by file (symbol)

/usr/lib/gcc/avr/4.9.2/avr5/libgcc.a(_exit.o)
                              /usr/lib/gcc/avr/4.9.2/../../../avr/lib/avr5/crtatmega328p.o (exit)
/usr/lib/gcc/avr/4.9.2/avr5/libgcc.a(_copy_data.o)
                              CMakeFiles/atmega328p.elf.dir/main.c.o (__do_copy_data)
/usr/lib/gcc/avr/4.9.2/avr5/libgcc.a(_clear_bss.o)
                              CMakeFiles/atmega328p.elf.dir/main.c.o (__do_clear_bss)
/usr/lib/gcc/avr/4.9.2/../../../avr/lib/avr5/libm.a(addsf3.o)
                              CMakeFiles/atmega328p.elf.dir/slBME180Measure.c.o (__subsf3)
/usr/lib/gcc/avr/4.9.2/../../../avr/lib/avr5/libm.a(addsf3x.o)
                              /usr/lib/gcc/avr/4.9.2/../../../avr/lib/avr5/libm.a(addsf3.o) (__addsf3x)
/usr/lib/gcc/avr/4.9.2/../../../avr/lib/avr5/libm.a(divsf3.o)
                              CMakeFiles/atmega328p.elf.dir/slBME180Measure.c.o (__divsf3)
/usr/lib/gcc/avr/4.9.2/../../../avr/lib/avr5/libm.a(divsf3x.o)
                              /usr/lib/gcc/avr/4.9.2/../../../avr/lib/avr5/libm.a(divsf3.o) (__divsf3x)
/usr/lib/gcc/avr/4.9.2/../../../avr/lib/avr5/libm.a(fixsfsi.o)
                              CMakeFiles/atmega328p.elf.dir/slBME180Measure.c.o (__fixsfsi)
/usr/lib/gcc/avr/4.9.2/../../../avr/lib/avr5/libm.a(fixunssfsi.o)
                              CMakeFiles/atmega328p.elf.dir/slBME180Measure.c.o (__fixunssfsi)
/usr/lib/gcc/avr/4.9.2/../../../avr/lib/avr5/libm.a(floatsisf.o)
                              CMakeFiles/atmega328p.elf.dir/slBME180Measure.c.o (__floatunsisf)
/usr/lib/gcc/avr/4.9.2/../../../avr/lib/avr5/libm.a(fp_inf.o)
                              /usr/lib/gcc/avr/4.9.2/../../../avr/lib/avr5/libm.a(addsf3x.o) (__fp_inf)
/usr/lib/gcc/avr/4.9.2/../../../avr/lib/avr5/libm.a(fp_nan.o)
                              /usr/lib/gcc/avr/4.9.2/../../../avr/lib/avr5/libm.a(addsf3x.o) (__fp_nan)
/usr/lib/gcc/avr/4.9.2/../../../avr/lib/avr5/libm.a(fp_pscA.o)
                              /usr/lib/gcc/avr/4.9.2/../../../avr/lib/avr5/libm.a(addsf3x.o) (__fp_pscA)
/usr/lib/gcc/avr/4.9.2/../../../avr/lib/avr5/libm.a(fp_pscB.o)
                              /usr/lib/gcc/avr/4.9.2/../../../avr/lib/avr5/libm.a(addsf3x.o) (__fp_pscB)
/usr/lib/gcc/avr/4.9.2/../../../avr/lib/avr5/libm.a(fp_round.o)
                              /usr/lib/gcc/avr/4.9.2/../../../avr/lib/avr5/libm.a(addsf3.o) (__fp_round)
/usr/lib/gcc/avr/4.9.2/../../../avr/lib/avr5/libm.a(fp_split3.o)
                              /usr/lib/gcc/avr/4.9.2/../../../avr/lib/avr5/libm.a(addsf3x.o) (__fp_split3)
/usr/lib/gcc/avr/4.9.2/../../../avr/lib/avr5/libm.a(fp_zero.o)
                              /usr/lib/gcc/avr/4.9.2/../../../avr/lib/avr5/libm.a(addsf3x.o) (__fp_zero)
/usr/lib/gcc/avr/4.9.2/../../../avr/lib/avr5/libm.a(mulsf3.o)
                              CMakeFiles/atmega328p.elf.dir/slBME180Measure.c.o (__mulsf3)
/usr/lib/gcc/avr/4.9.2/../../../avr/lib/avr5/libm.a(mulsf3x.o)
                              /usr/lib/gcc/avr/4.9.2/../../../avr/lib/avr5/libm.a(mulsf3.o) (__mulsf3x)
/usr/lib/gcc/avr/4.9.2/../../../avr/lib/avr5/libc.a(itoa_ncheck.o)
                              CMakeFiles/atmega328p.elf.dir/slUart.c.o (__itoa_ncheck)
/usr/lib/gcc/avr/4.9.2/../../../avr/lib/avr5/libc.a(ltoa_ncheck.o)
                              CMakeFiles/atmega328p.elf.dir/slUart.c.o (__ltoa_ncheck)
/usr/lib/gcc/avr/4.9.2/../../../avr/lib/avr5/libc.a(ultoa_ncheck.o)
                              /usr/lib/gcc/avr/4.9.2/../../../avr/lib/avr5/libc.a(ltoa_ncheck.o) (__ultoa_common)
/usr/lib/gcc/avr/4.9.2/../../../avr/lib/avr5/libc.a(utoa_ncheck.o)
                              /usr/lib/gcc/avr/4.9.2/../../../avr/lib/avr5/libc.a(itoa_ncheck.o) (__utoa_common)
/usr/lib/gcc/avr/4.9.2/../../../avr/lib/avr5/libc.a(strrev.o)
                              /usr/lib/gcc/avr/4.9.2/../../../avr/lib/avr5/libc.a(ultoa_ncheck.o) (strrev)

Allocating common symbols
Common symbol       size              file

dataFromNRF24L01    0x11              CMakeFiles/atmega328p.elf.dir/main_functions.c.o
BME180measure       0x33              CMakeFiles/atmega328p.elf.dir/main_functions.c.o
status              0x1               CMakeFiles/atmega328p.elf.dir/main.c.o

Discarded input sections

 .data          0x0000000000000000        0x0 /usr/lib/gcc/avr/4.9.2/../../../avr/lib/avr5/crtatmega328p.o
 .bss           0x0000000000000000        0x0 /usr/lib/gcc/avr/4.9.2/../../../avr/lib/avr5/crtatmega328p.o
 .text          0x0000000000000000        0x0 CMakeFiles/atmega328p.elf.dir/main.c.o
 .data          0x0000000000000000        0x0 CMakeFiles/atmega328p.elf.dir/main.c.o
 .bss           0x0000000000000000        0x0 CMakeFiles/atmega328p.elf.dir/main.c.o
 .text          0x0000000000000000        0x0 CMakeFiles/atmega328p.elf.dir/slUart.c.o
 .data          0x0000000000000000        0x0 CMakeFiles/atmega328p.elf.dir/slUart.c.o
 .bss           0x0000000000000000        0x0 CMakeFiles/atmega328p.elf.dir/slUart.c.o
 .text.slUART_LogBinary
                0x0000000000000000       0x3a CMakeFiles/atmega328p.elf.dir/slUart.c.o
 .text.slUART_LogBinaryNl
                0x0000000000000000        0xc CMakeFiles/atmega328p.elf.dir/slUart.c.o
 .text.slUART_LogDecWithSign
                0x0000000000000000       0x3a CMakeFiles/atmega328p.elf.dir/slUart.c.o
 .text.slUART_LogDecNl
                0x0000000000000000        0xc CMakeFiles/atmega328p.elf.dir/slUart.c.o
 .text          0x0000000000000000        0x0 CMakeFiles/atmega328p.elf.dir/slSPI.c.o
 .data          0x0000000000000000        0x0 CMakeFiles/atmega328p.elf.dir/slSPI.c.o
 .bss           0x0000000000000000        0x0 CMakeFiles/atmega328p.elf.dir/slSPI.c.o
 .text          0x0000000000000000        0x0 CMakeFiles/atmega328p.elf.dir/slNRF24.c.o
 .data          0x0000000000000000        0x0 CMakeFiles/atmega328p.elf.dir/slNRF24.c.o
 .bss           0x0000000000000000        0x0 CMakeFiles/atmega328p.elf.dir/slNRF24.c.o
 .text.slNRF24_PowerDown
                0x0000000000000000       0x36 CMakeFiles/atmega328p.elf.dir/slNRF24.c.o
 .text          0x0000000000000000        0x0 CMakeFiles/atmega328p.elf.dir/slBME180Measure.c.o
 .data          0x0000000000000000        0x0 CMakeFiles/atmega328p.elf.dir/slBME180Measure.c.o
 .bss           0x0000000000000000        0x0 CMakeFiles/atmega328p.elf.dir/slBME180Measure.c.o
 .text.fillBuferFromMEASURE
                0x0000000000000000       0x18 CMakeFiles/atmega328p.elf.dir/slBME180Measure.c.o
 .text.calculateTemperature
                0x0000000000000000       0x24 CMakeFiles/atmega328p.elf.dir/slBME180Measure.c.o
 .text.calculateHumidity
                0x0000000000000000       0x24 CMakeFiles/atmega328p.elf.dir/slBME180Measure.c.o
 .text.calculatePressure
                0x0000000000000000       0x24 CMakeFiles/atmega328p.elf.dir/slBME180Measure.c.o
 .text.calculateVoltage
                0x0000000000000000       0x5a CMakeFiles/atmega328p.elf.dir/slBME180Measure.c.o
 .text.calculateFotorezistor
                0x0000000000000000       0x5a CMakeFiles/atmega328p.elf.dir/slBME180Measure.c.o
 .text          0x0000000000000000        0x0 CMakeFiles/atmega328p.elf.dir/main_functions.c.o
 .text.returnNextStage
                0x0000000000000000        0xe CMakeFiles/atmega328p.elf.dir/main_functions.c.o
 .text.resetBMEData
                0x0000000000000000       0x3a CMakeFiles/atmega328p.elf.dir/main_functions.c.o
 .text.saveErrorData
                0x0000000000000000       0x24 CMakeFiles/atmega328p.elf.dir/main_functions.c.o
 .text.ifCheckEverySensor
                0x0000000000000000        0xe CMakeFiles/atmega328p.elf.dir/main_functions.c.o
 .text.sendingSensorDataViaUart
                0x0000000000000000       0xba CMakeFiles/atmega328p.elf.dir/main_functions.c.o
 .text          0x0000000000000000        0x0 /usr/lib/gcc/avr/4.9.2/avr5/libgcc.a(_exit.o)
 .data          0x0000000000000000        0x0 /usr/lib/gcc/avr/4.9.2/avr5/libgcc.a(_exit.o)
 .bss           0x0000000000000000        0x0 /usr/lib/gcc/avr/4.9.2/avr5/libgcc.a(_exit.o)
 .text.libgcc.mul
                0x0000000000000000        0x0 /usr/lib/gcc/avr/4.9.2/avr5/libgcc.a(_exit.o)
 .text.libgcc.div
                0x0000000000000000        0x0 /usr/lib/gcc/avr/4.9.2/avr5/libgcc.a(_exit.o)
 .text.libgcc   0x0000000000000000        0x0 /usr/lib/gcc/avr/4.9.2/avr5/libgcc.a(_exit.o)
 .text.libgcc.prologue
                0x0000000000000000        0x0 /usr/lib/gcc/avr/4.9.2/avr5/libgcc.a(_exit.o)
 .text.libgcc.builtins
                0x0000000000000000        0x0 /usr/lib/gcc/avr/4.9.2/avr5/libgcc.a(_exit.o)
 .text.libgcc.fmul
                0x0000000000000000        0x0 /usr/lib/gcc/avr/4.9.2/avr5/libgcc.a(_exit.o)
 .text.libgcc.fixed
                0x0000000000000000        0x0 /usr/lib/gcc/avr/4.9.2/avr5/libgcc.a(_exit.o)
 .text          0x0000000000000000        0x0 /usr/lib/gcc/avr/4.9.2/avr5/libgcc.a(_copy_data.o)
 .data          0x0000000000000000        0x0 /usr/lib/gcc/avr/4.9.2/avr5/libgcc.a(_copy_data.o)
 .bss           0x0000000000000000        0x0 /usr/lib/gcc/avr/4.9.2/avr5/libgcc.a(_copy_data.o)
 .text.libgcc.mul
                0x0000000000000000        0x0 /usr/lib/gcc/avr/4.9.2/avr5/libgcc.a(_copy_data.o)
 .text.libgcc.div
                0x0000000000000000        0x0 /usr/lib/gcc/avr/4.9.2/avr5/libgcc.a(_copy_data.o)
 .text.libgcc   0x0000000000000000        0x0 /usr/lib/gcc/avr/4.9.2/avr5/libgcc.a(_copy_data.o)
 .text.libgcc.prologue
                0x0000000000000000        0x0 /usr/lib/gcc/avr/4.9.2/avr5/libgcc.a(_copy_data.o)
 .text.libgcc.builtins
                0x0000000000000000        0x0 /usr/lib/gcc/avr/4.9.2/avr5/libgcc.a(_copy_data.o)
 .text.libgcc.fmul
                0x0000000000000000        0x0 /usr/lib/gcc/avr/4.9.2/avr5/libgcc.a(_copy_data.o)
 .text.libgcc.fixed
                0x0000000000000000        0x0 /usr/lib/gcc/avr/4.9.2/avr5/libgcc.a(_copy_data.o)
 .text          0x0000000000000000        0x0 /usr/lib/gcc/avr/4.9.2/avr5/libgcc.a(_clear_bss.o)
 .data          0x0000000000000000        0x0 /usr/lib/gcc/avr/4.9.2/avr5/libgcc.a(_clear_bss.o)
 .bss           0x0000000000000000        0x0 /usr/lib/gcc/avr/4.9.2/avr5/libgcc.a(_clear_bss.o)
 .text.libgcc.mul
                0x0000000000000000        0x0 /usr/lib/gcc/avr/4.9.2/avr5/libgcc.a(_clear_bss.o)
 .text.libgcc.div
                0x0000000000000000        0x0 /usr/lib/gcc/avr/4.9.2/avr5/libgcc.a(_clear_bss.o)
 .text.libgcc   0x0000000000000000        0x0 /usr/lib/gcc/avr/4.9.2/avr5/libgcc.a(_clear_bss.o)
 .text.libgcc.prologue
                0x0000000000000000        0x0 /usr/lib/gcc/avr/4.9.2/avr5/libgcc.a(_clear_bss.o)
 .text.libgcc.builtins
                0x0000000000000000        0x0 /usr/lib/gcc/avr/4.9.2/avr5/libgcc.a(_clear_bss.o)
 .text.libgcc.fmul
                0x0000000000000000        0x0 /usr/lib/gcc/avr/4.9.2/avr5/libgcc.a(_clear_bss.o)
 .text.libgcc.fixed
                0x0000000000000000        0x0 /usr/lib/gcc/avr/4.9.2/avr5/libgcc.a(_clear_bss.o)
 .text          0x0000000000000000        0x0 /usr/lib/gcc/avr/4.9.2/../../../avr/lib/avr5/libm.a(addsf3.o)
 .data          0x0000000000000000        0x0 /usr/lib/gcc/avr/4.9.2/../../../avr/lib/avr5/libm.a(addsf3.o)
 .bss           0x0000000000000000        0x0 /usr/lib/gcc/avr/4.9.2/../../../avr/lib/avr5/libm.a(addsf3.o)
 .text.avr-libc.fplib
                0x0000000000000000        0xe /usr/lib/gcc/avr/4.9.2/../../../avr/lib/avr5/libm.a(addsf3.o)
 .text          0x0000000000000000        0x0 /usr/lib/gcc/avr/4.9.2/../../../avr/lib/avr5/libm.a(addsf3x.o)
 .data          0x0000000000000000        0x0 /usr/lib/gcc/avr/4.9.2/../../../avr/lib/avr5/libm.a(addsf3x.o)
 .bss           0x0000000000000000        0x0 /usr/lib/gcc/avr/4.9.2/../../../avr/lib/avr5/libm.a(addsf3x.o)
 .text.avr-libc.fplib
                0x0000000000000000       0xcc /usr/lib/gcc/avr/4.9.2/../../../avr/lib/avr5/libm.a(addsf3x.o)
 .text          0x0000000000000000        0x0 /usr/lib/gcc/avr/4.9.2/../../../avr/lib/avr5/libm.a(divsf3.o)
 .data          0x0000000000000000        0x0 /usr/lib/gcc/avr/4.9.2/../../../avr/lib/avr5/libm.a(divsf3.o)
 .bss           0x0000000000000000        0x0 /usr/lib/gcc/avr/4.9.2/../../../avr/lib/avr5/libm.a(divsf3.o)
 .text.avr-libc.fplib
                0x0000000000000000        0x8 /usr/lib/gcc/avr/4.9.2/../../../avr/lib/avr5/libm.a(divsf3.o)
 .text          0x0000000000000000        0x0 /usr/lib/gcc/avr/4.9.2/../../../avr/lib/avr5/libm.a(divsf3x.o)
 .data          0x0000000000000000        0x0 /usr/lib/gcc/avr/4.9.2/../../../avr/lib/avr5/libm.a(divsf3x.o)
 .bss           0x0000000000000000        0x0 /usr/lib/gcc/avr/4.9.2/../../../avr/lib/avr5/libm.a(divsf3x.o)
 .text.avr-libc.fplib
                0x0000000000000000       0xdc /usr/lib/gcc/avr/4.9.2/../../../avr/lib/avr5/libm.a(divsf3x.o)
 .text          0x0000000000000000        0x0 /usr/lib/gcc/avr/4.9.2/../../../avr/lib/avr5/libm.a(fixsfsi.o)
 .data          0x0000000000000000        0x0 /usr/lib/gcc/avr/4.9.2/../../../avr/lib/avr5/libm.a(fixsfsi.o)
 .bss           0x0000000000000000        0x0 /usr/lib/gcc/avr/4.9.2/../../../avr/lib/avr5/libm.a(fixsfsi.o)
 .text.avr-libc.fplib
                0x0000000000000000        0xe /usr/lib/gcc/avr/4.9.2/../../../avr/lib/avr5/libm.a(fixsfsi.o)
 .text          0x0000000000000000        0x0 /usr/lib/gcc/avr/4.9.2/../../../avr/lib/avr5/libm.a(fixunssfsi.o)
 .data          0x0000000000000000        0x0 /usr/lib/gcc/avr/4.9.2/../../../avr/lib/avr5/libm.a(fixunssfsi.o)
 .bss           0x0000000000000000        0x0 /usr/lib/gcc/avr/4.9.2/../../../avr/lib/avr5/libm.a(fixunssfsi.o)
 .text.avr-libc.fplib
                0x0000000000000000       0x5e /usr/lib/gcc/avr/4.9.2/../../../avr/lib/avr5/libm.a(fixunssfsi.o)
 .text          0x0000000000000000        0x0 /usr/lib/gcc/avr/4.9.2/../../../avr/lib/avr5/libm.a(floatsisf.o)
 .data          0x0000000000000000        0x0 /usr/lib/gcc/avr/4.9.2/../../../avr/lib/avr5/libm.a(floatsisf.o)
 .bss           0x0000000000000000        0x0 /usr/lib/gcc/avr/4.9.2/../../../avr/lib/avr5/libm.a(floatsisf.o)
 .text.avr-libc.fplib
                0x0000000000000000       0x7a /usr/lib/gcc/avr/4.9.2/../../../avr/lib/avr5/libm.a(floatsisf.o)
 .text          0x0000000000000000        0x0 /usr/lib/gcc/avr/4.9.2/../../../avr/lib/avr5/libm.a(fp_inf.o)
 .data          0x0000000000000000        0x0 /usr/lib/gcc/avr/4.9.2/../../../avr/lib/avr5/libm.a(fp_inf.o)
 .bss           0x0000000000000000        0x0 /usr/lib/gcc/avr/4.9.2/../../../avr/lib/avr5/libm.a(fp_inf.o)
 .text.avr-libc.fplib
                0x0000000000000000        0xc /usr/lib/gcc/avr/4.9.2/../../../avr/lib/avr5/libm.a(fp_inf.o)
 .text          0x0000000000000000        0x0 /usr/lib/gcc/avr/4.9.2/../../../avr/lib/avr5/libm.a(fp_nan.o)
 .data          0x0000000000000000        0x0 /usr/lib/gcc/avr/4.9.2/../../../avr/lib/avr5/libm.a(fp_nan.o)
 .bss           0x0000000000000000        0x0 /usr/lib/gcc/avr/4.9.2/../../../avr/lib/avr5/libm.a(fp_nan.o)
 .text.avr-libc.fplib
                0x0000000000000000        0x6 /usr/lib/gcc/avr/4.9.2/../../../avr/lib/avr5/libm.a(fp_nan.o)
 .text          0x0000000000000000        0x0 /usr/lib/gcc/avr/4.9.2/../../../avr/lib/avr5/libm.a(fp_pscA.o)
 .data          0x0000000000000000        0x0 /usr/lib/gcc/avr/4.9.2/../../../avr/lib/avr5/libm.a(fp_pscA.o)
 .bss           0x0000000000000000        0x0 /usr/lib/gcc/avr/4.9.2/../../../avr/lib/avr5/libm.a(fp_pscA.o)
 .text.avr-libc.fplib
                0x0000000000000000        0xe /usr/lib/gcc/avr/4.9.2/../../../avr/lib/avr5/libm.a(fp_pscA.o)
 .text          0x0000000000000000        0x0 /usr/lib/gcc/avr/4.9.2/../../../avr/lib/avr5/libm.a(fp_pscB.o)
 .data          0x0000000000000000        0x0 /usr/lib/gcc/avr/4.9.2/../../../avr/lib/avr5/libm.a(fp_pscB.o)
 .bss           0x0000000000000000        0x0 /usr/lib/gcc/avr/4.9.2/../../../avr/lib/avr5/libm.a(fp_pscB.o)
 .text.avr-libc.fplib
                0x0000000000000000        0xe /usr/lib/gcc/avr/4.9.2/../../../avr/lib/avr5/libm.a(fp_pscB.o)
 .text          0x0000000000000000        0x0 /usr/lib/gcc/avr/4.9.2/../../../avr/lib/avr5/libm.a(fp_round.o)
 .data          0x0000000000000000        0x0 /usr/lib/gcc/avr/4.9.2/../../../avr/lib/avr5/libm.a(fp_round.o)
 .bss           0x0000000000000000        0x0 /usr/lib/gcc/avr/4.9.2/../../../avr/lib/avr5/libm.a(fp_round.o)
 .text.avr-libc.fplib
                0x0000000000000000       0x22 /usr/lib/gcc/avr/4.9.2/../../../avr/lib/avr5/libm.a(fp_round.o)
 .text          0x0000000000000000        0x0 /usr/lib/gcc/avr/4.9.2/../../../avr/lib/avr5/libm.a(fp_split3.o)
 .data          0x0000000000000000        0x0 /usr/lib/gcc/avr/4.9.2/../../../avr/lib/avr5/libm.a(fp_split3.o)
 .bss           0x0000000000000000        0x0 /usr/lib/gcc/avr/4.9.2/../../../avr/lib/avr5/libm.a(fp_split3.o)
 .text.avr-libc.fplib
                0x0000000000000000       0x44 /usr/lib/gcc/avr/4.9.2/../../../avr/lib/avr5/libm.a(fp_split3.o)
 .text          0x0000000000000000        0x0 /usr/lib/gcc/avr/4.9.2/../../../avr/lib/avr5/libm.a(fp_zero.o)
 .data          0x0000000000000000        0x0 /usr/lib/gcc/avr/4.9.2/../../../avr/lib/avr5/libm.a(fp_zero.o)
 .bss           0x0000000000000000        0x0 /usr/lib/gcc/avr/4.9.2/../../../avr/lib/avr5/libm.a(fp_zero.o)
 .text.avr-libc.fplib
                0x0000000000000000        0xe /usr/lib/gcc/avr/4.9.2/../../../avr/lib/avr5/libm.a(fp_zero.o)
 .text          0x0000000000000000        0x0 /usr/lib/gcc/avr/4.9.2/../../../avr/lib/avr5/libm.a(mulsf3.o)
 .data          0x0000000000000000        0x0 /usr/lib/gcc/avr/4.9.2/../../../avr/lib/avr5/libm.a(mulsf3.o)
 .bss           0x0000000000000000        0x0 /usr/lib/gcc/avr/4.9.2/../../../avr/lib/avr5/libm.a(mulsf3.o)
 .text.avr-libc.fplib
                0x0000000000000000        0x8 /usr/lib/gcc/avr/4.9.2/../../../avr/lib/avr5/libm.a(mulsf3.o)
 .text          0x0000000000000000        0x0 /usr/lib/gcc/avr/4.9.2/../../../avr/lib/avr5/libm.a(mulsf3x.o)
 .data          0x0000000000000000        0x0 /usr/lib/gcc/avr/4.9.2/../../../avr/lib/avr5/libm.a(mulsf3x.o)
 .bss           0x0000000000000000        0x0 /usr/lib/gcc/avr/4.9.2/../../../avr/lib/avr5/libm.a(mulsf3x.o)
 .text.avr-libc.fplib
                0x0000000000000000       0xd2 /usr/lib/gcc/avr/4.9.2/../../../avr/lib/avr5/libm.a(mulsf3x.o)
 .text          0x0000000000000000        0x0 /usr/lib/gcc/avr/4.9.2/../../../avr/lib/avr5/libc.a(itoa_ncheck.o)
 .data          0x0000000000000000        0x0 /usr/lib/gcc/avr/4.9.2/../../../avr/lib/avr5/libc.a(itoa_ncheck.o)
 .bss           0x0000000000000000        0x0 /usr/lib/gcc/avr/4.9.2/../../../avr/lib/avr5/libc.a(itoa_ncheck.o)
 .text          0x0000000000000000        0x0 /usr/lib/gcc/avr/4.9.2/../../../avr/lib/avr5/libc.a(ltoa_ncheck.o)
 .data          0x0000000000000000        0x0 /usr/lib/gcc/avr/4.9.2/../../../avr/lib/avr5/libc.a(ltoa_ncheck.o)
 .bss           0x0000000000000000        0x0 /usr/lib/gcc/avr/4.9.2/../../../avr/lib/avr5/libc.a(ltoa_ncheck.o)
 .text          0x0000000000000000        0x0 /usr/lib/gcc/avr/4.9.2/../../../avr/lib/avr5/libc.a(ultoa_ncheck.o)
 .data          0x0000000000000000        0x0 /usr/lib/gcc/avr/4.9.2/../../../avr/lib/avr5/libc.a(ultoa_ncheck.o)
 .bss           0x0000000000000000        0x0 /usr/lib/gcc/avr/4.9.2/../../../avr/lib/avr5/libc.a(ultoa_ncheck.o)
 .text          0x0000000000000000        0x0 /usr/lib/gcc/avr/4.9.2/../../../avr/lib/avr5/libc.a(utoa_ncheck.o)
 .data          0x0000000000000000        0x0 /usr/lib/gcc/avr/4.9.2/../../../avr/lib/avr5/libc.a(utoa_ncheck.o)
 .bss           0x0000000000000000        0x0 /usr/lib/gcc/avr/4.9.2/../../../avr/lib/avr5/libc.a(utoa_ncheck.o)
 .text          0x0000000000000000        0x0 /usr/lib/gcc/avr/4.9.2/../../../avr/lib/avr5/libc.a(strrev.o)
 .data          0x0000000000000000        0x0 /usr/lib/gcc/avr/4.9.2/../../../avr/lib/avr5/libc.a(strrev.o)
 .bss           0x0000000000000000        0x0 /usr/lib/gcc/avr/4.9.2/../../../avr/lib/avr5/libc.a(strrev.o)

Memory Configuration

Name             Origin             Length             Attributes
text             0x0000000000000000 0x0000000000020000 xr
data             0x0000000000800060 0x000000000000ffa0 rw !x
eeprom           0x0000000000810000 0x0000000000010000 rw !x
fuse             0x0000000000820000 0x0000000000000400 rw !x
lock             0x0000000000830000 0x0000000000000400 rw !x
signature        0x0000000000840000 0x0000000000000400 rw !x
user_signatures  0x0000000000850000 0x0000000000000400 rw !x
*default*        0x0000000000000000 0xffffffffffffffff

Linker script and memory map

Address of section .data set to 0x800100
LOAD /usr/lib/gcc/avr/4.9.2/../../../avr/lib/avr5/crtatmega328p.o
LOAD CMakeFiles/atmega328p.elf.dir/main.c.o
LOAD CMakeFiles/atmega328p.elf.dir/slUart.c.o
LOAD CMakeFiles/atmega328p.elf.dir/slSPI.c.o
LOAD CMakeFiles/atmega328p.elf.dir/slNRF24.c.o
LOAD CMakeFiles/atmega328p.elf.dir/slBME180Measure.c.o
LOAD CMakeFiles/atmega328p.elf.dir/main_functions.c.o
START GROUP
LOAD /usr/lib/gcc/avr/4.9.2/avr5/libgcc.a
LOAD /usr/lib/gcc/avr/4.9.2/../../../avr/lib/avr5/libm.a
LOAD /usr/lib/gcc/avr/4.9.2/../../../avr/lib/avr5/libc.a
LOAD /usr/lib/gcc/avr/4.9.2/../../../avr/lib/avr5/libatmega328p.a
END GROUP

.hash
 *(.hash)

.dynsym
 *(.dynsym)

.dynstr
 *(.dynstr)

.gnu.version
 *(.gnu.version)

.gnu.version_d
 *(.gnu.version_d)

.gnu.version_r
 *(.gnu.version_r)

.rel.init
 *(.rel.init)

.rela.init
 *(.rela.init)

.rel.text
 *(.rel.text)
 *(.rel.text.*)
 *(.rel.gnu.linkonce.t*)

.rela.text
 *(.rela.text)
 *(.rela.text.*)
 *(.rela.gnu.linkonce.t*)

.rel.fini
 *(.rel.fini)

.rela.fini
 *(.rela.fini)

.rel.rodata
 *(.rel.rodata)
 *(.rel.rodata.*)
 *(.rel.gnu.linkonce.r*)

.rela.rodata
 *(.rela.rodata)
 *(.rela.rodata.*)
 *(.rela.gnu.linkonce.r*)

.rel.data
 *(.rel.data)
 *(.rel.data.*)
 *(.rel.gnu.linkonce.d*)

.rela.data
 *(.rela.data)
 *(.rela.data.*)
 *(.rela.gnu.linkonce.d*)

.rel.ctors
 *(.rel.ctors)

.rela.ctors
 *(.rela.ctors)

.rel.dtors
 *(.rel.dtors)

.rela.dtors
 *(.rela.dtors)

.rel.got
 *(.rel.got)

.rela.got
 *(.rela.got)

.rel.bss
 *(.rel.bss)

.rela.bss
 *(.rela.bss)

.rel.plt
 *(.rel.plt)

.rela.plt
 *(.rela.plt)

.text           0x0000000000000000      0xa66
 *(.vectors)
 .vectors       0x0000000000000000       0x68 /usr/lib/gcc/avr/4.9.2/../../../avr/lib/avr5/crtatmega328p.o
                0x0000000000000000                __vectors
                0x0000000000000000                __vector_default
 *(.vectors)
 *(.progmem.gcc*)
                0x0000000000000068                . = ALIGN (0x2)
                0x0000000000000068                __trampolines_start = .
 *(.trampolines)
 .trampolines   0x0000000000000068        0x0 linker stubs
 *(.trampolines*)
                0x0000000000000068                __trampolines_end = .
 *(.progmem*)
                0x0000000000000068                . = ALIGN (0x2)
 *(.jumptables)
 *(.jumptables*)
 *(.lowtext)
 *(.lowtext*)
                0x0000000000000068                __ctors_start = .
 *(.ctors)
                0x0000000000000068                __ctors_end = .
                0x0000000000000068                __dtors_start = .
 *(.dtors)
                0x0000000000000068                __dtors_end = .
 SORT(*)(.ctors)
 SORT(*)(.dtors)
 *(.init0)
 .init0         0x0000000000000068        0x0 /usr/lib/gcc/avr/4.9.2/../../../avr/lib/avr5/crtatmega328p.o
                0x0000000000000068                __init
 *(.init0)
 *(.init1)
 *(.init1)
 *(.init2)
 .init2         0x0000000000000068        0xc /usr/lib/gcc/avr/4.9.2/../../../avr/lib/avr5/crtatmega328p.o
 *(.init2)
 *(.init3)
 *(.init3)
 *(.init4)
 .init4         0x0000000000000074       0x16 /usr/lib/gcc/avr/4.9.2/avr5/libgcc.a(_copy_data.o)
                0x0000000000000074                __do_copy_data
 .init4         0x000000000000008a       0x10 /usr/lib/gcc/avr/4.9.2/avr5/libgcc.a(_clear_bss.o)
                0x000000000000008a                __do_clear_bss
 *(.init4)
 *(.init5)
 *(.init5)
 *(.init6)
 *(.init6)
 *(.init7)
 *(.init7)
 *(.init8)
 *(.init8)
 *(.init9)
 .init9         0x000000000000009a        0x4 /usr/lib/gcc/avr/4.9.2/../../../avr/lib/avr5/crtatmega328p.o
 *(.init9)
 *(.text)
 .text          0x000000000000009e        0x2 /usr/lib/gcc/avr/4.9.2/../../../avr/lib/avr5/crtatmega328p.o
                0x000000000000009e                __vector_22
                0x000000000000009e                __vector_24
                0x000000000000009e                __vector_12
                0x000000000000009e                __bad_interrupt
                0x000000000000009e                __vector_6
                0x000000000000009e                __vector_3
                0x000000000000009e                __vector_23
                0x000000000000009e                __vector_25
                0x000000000000009e                __vector_11
                0x000000000000009e                __vector_13
                0x000000000000009e                __vector_17
                0x000000000000009e                __vector_19
                0x000000000000009e                __vector_7
                0x000000000000009e                __vector_5
                0x000000000000009e                __vector_4
                0x000000000000009e                __vector_9
                0x000000000000009e                __vector_2
                0x000000000000009e                __vector_21
                0x000000000000009e                __vector_15
                0x000000000000009e                __vector_8
                0x000000000000009e                __vector_14
                0x000000000000009e                __vector_10
                0x000000000000009e                __vector_16
                0x000000000000009e                __vector_18
                0x000000000000009e                __vector_20
                0x00000000000000a0                . = ALIGN (0x2)
 *(.text.*)
 .text.setupInt0
                0x00000000000000a0       0x18 CMakeFiles/atmega328p.elf.dir/main.c.o
                0x00000000000000a0                setupInt0
 .text.startup.main
                0x00000000000000b8       0x70 CMakeFiles/atmega328p.elf.dir/main.c.o
                0x00000000000000b8                main
 .text.__vector_1
                0x0000000000000128       0x76 CMakeFiles/atmega328p.elf.dir/main.c.o
                0x0000000000000128                __vector_1
 .text.slUART_SimpleTransmitInit
                0x000000000000019e       0x12 CMakeFiles/atmega328p.elf.dir/slUart.c.o
                0x000000000000019e                slUART_SimpleTransmitInit
 .text.slUART_Init
                0x00000000000001b0        0xa CMakeFiles/atmega328p.elf.dir/slUart.c.o
                0x00000000000001b0                slUART_Init
 .text.slUART_WriteByte
                0x00000000000001ba        0xe CMakeFiles/atmega328p.elf.dir/slUart.c.o
                0x00000000000001ba                slUART_WriteByte
 .text.slUART_WriteString
                0x00000000000001c8       0x24 CMakeFiles/atmega328p.elf.dir/slUart.c.o
                0x00000000000001c8                slUART_WriteString
 .text.slUART_WriteStringNl
                0x00000000000001ec        0x8 CMakeFiles/atmega328p.elf.dir/slUart.c.o
                0x00000000000001ec                slUART_WriteStringNl
 .text.slUART_LogDec
                0x00000000000001f4       0x36 CMakeFiles/atmega328p.elf.dir/slUart.c.o
                0x00000000000001f4                slUART_LogDec
 .text.slUART_LogHex
                0x000000000000022a       0x36 CMakeFiles/atmega328p.elf.dir/slUart.c.o
                0x000000000000022a                slUART_LogHex
 .text.slUART_WriteBuffer
                0x0000000000000260       0x6c CMakeFiles/atmega328p.elf.dir/slUart.c.o
                0x0000000000000260                slUART_WriteBuffer
 .text.slUART_LogHexNl
                0x00000000000002cc        0x8 CMakeFiles/atmega328p.elf.dir/slUart.c.o
                0x00000000000002cc                slUART_LogHexNl
 .text.slUART_LogHex32WithSign
                0x00000000000002d4       0x36 CMakeFiles/atmega328p.elf.dir/slUart.c.o
                0x00000000000002d4                slUART_LogHex32WithSign
 .text.slUART_LogHex32
                0x000000000000030a       0x36 CMakeFiles/atmega328p.elf.dir/slUart.c.o
                0x000000000000030a                slUART_LogHex32
 .text.slSPI_Init
                0x0000000000000340       0x32 CMakeFiles/atmega328p.elf.dir/slSPI.c.o
                0x0000000000000340                slSPI_Init
 .text.slSPI_TransferInt
                0x0000000000000372        0xe CMakeFiles/atmega328p.elf.dir/slSPI.c.o
                0x0000000000000372                slSPI_TransferInt
 .text.slNRF24_IoInit
                0x0000000000000380        0xa CMakeFiles/atmega328p.elf.dir/slNRF24.c.o
                0x0000000000000380                slNRF24_IoInit
 .text.slNRF24_SetRegister
                0x000000000000038a       0x6e CMakeFiles/atmega328p.elf.dir/slNRF24.c.o
                0x000000000000038a                slNRF24_SetRegister
 .text.slNRF24_GetRegister
                0x00000000000003f8       0x6e CMakeFiles/atmega328p.elf.dir/slNRF24.c.o
                0x00000000000003f8                slNRF24_GetRegister
 .text.slNRF24_Init
                0x0000000000000466       0xce CMakeFiles/atmega328p.elf.dir/slNRF24.c.o
                0x0000000000000466                slNRF24_Init
 .text.slNRF24_ChangeAddress
                0x0000000000000534       0x70 CMakeFiles/atmega328p.elf.dir/slNRF24.c.o
                0x0000000000000534                slNRF24_ChangeAddress
 .text.slNRF24_Reset
                0x00000000000005a4       0x2e CMakeFiles/atmega328p.elf.dir/slNRF24.c.o
                0x00000000000005a4                slNRF24_Reset
 .text.slNRF24_TransmitPayload
                0x00000000000005d2       0x90 CMakeFiles/atmega328p.elf.dir/slNRF24.c.o
                0x00000000000005d2                slNRF24_TransmitPayload
 .text.slNRF24_TxPowerUp
                0x0000000000000662       0x46 CMakeFiles/atmega328p.elf.dir/slNRF24.c.o
                0x0000000000000662                slNRF24_TxPowerUp
 .text.slNRF24_FlushTx
                0x00000000000006a8       0x22 CMakeFiles/atmega328p.elf.dir/slNRF24.c.o
                0x00000000000006a8                slNRF24_FlushTx
 .text.slNRF24_RxPowerUp
                0x00000000000006ca       0x46 CMakeFiles/atmega328p.elf.dir/slNRF24.c.o
                0x00000000000006ca                slNRF24_RxPowerUp
 .text.slNRF24_FlushRx
                0x0000000000000710       0x22 CMakeFiles/atmega328p.elf.dir/slNRF24.c.o
                0x0000000000000710                slNRF24_FlushRx
 .text.returnMEASUREFromBuffer
                0x0000000000000732       0x4c CMakeFiles/atmega328p.elf.dir/slBME180Measure.c.o
                0x0000000000000732                returnMEASUREFromBuffer
 .text.clearData
                0x000000000000077e       0x10 CMakeFiles/atmega328p.elf.dir/main_functions.c.o
                0x000000000000077e                clearData
 .text.nextSensorNr
                0x000000000000078e       0x1e CMakeFiles/atmega328p.elf.dir/main_functions.c.o
                0x000000000000078e                nextSensorNr
 .text.nRF24L01Start
                0x00000000000007ac        0xa CMakeFiles/atmega328p.elf.dir/main_functions.c.o
                0x00000000000007ac                nRF24L01Start
 .text.sensorStart
                0x00000000000007b6       0x50 CMakeFiles/atmega328p.elf.dir/main_functions.c.o
                0x00000000000007b6                sensorStart
 .text.resetAfterGotData
                0x0000000000000806       0x14 CMakeFiles/atmega328p.elf.dir/main_functions.c.o
                0x0000000000000806                resetAfterGotData
 .text.saveDataFromNRF
                0x000000000000081a      0x184 CMakeFiles/atmega328p.elf.dir/main_functions.c.o
                0x000000000000081a                saveDataFromNRF
 .text.avr-libc
                0x000000000000099e       0x14 /usr/lib/gcc/avr/4.9.2/../../../avr/lib/avr5/libc.a(itoa_ncheck.o)
                0x000000000000099e                __itoa_ncheck
 .text.avr-libc
                0x00000000000009b2       0x1c /usr/lib/gcc/avr/4.9.2/../../../avr/lib/avr5/libc.a(ltoa_ncheck.o)
                0x00000000000009b2                __ltoa_ncheck
 .text.avr-libc
                0x00000000000009ce       0x42 /usr/lib/gcc/avr/4.9.2/../../../avr/lib/avr5/libc.a(ultoa_ncheck.o)
                0x00000000000009ce                __ultoa_ncheck
                0x00000000000009d0                __ultoa_common
 .text.avr-libc
                0x0000000000000a10       0x32 /usr/lib/gcc/avr/4.9.2/../../../avr/lib/avr5/libc.a(utoa_ncheck.o)
                0x0000000000000a10                __utoa_ncheck
                0x0000000000000a12                __utoa_common
 .text.avr-libc
                0x0000000000000a42       0x20 /usr/lib/gcc/avr/4.9.2/../../../avr/lib/avr5/libc.a(strrev.o)
                0x0000000000000a42                strrev
                0x0000000000000a62                . = ALIGN (0x2)
 *(.fini9)
 .fini9         0x0000000000000a62        0x0 /usr/lib/gcc/avr/4.9.2/avr5/libgcc.a(_exit.o)
                0x0000000000000a62                exit
                0x0000000000000a62                _exit
 *(.fini9)
 *(.fini8)
 *(.fini8)
 *(.fini7)
 *(.fini7)
 *(.fini6)
 *(.fini6)
 *(.fini5)
 *(.fini5)
 *(.fini4)
 *(.fini4)
 *(.fini3)
 *(.fini3)
 *(.fini2)
 *(.fini2)
 *(.fini1)
 *(.fini1)
 *(.fini0)
 .fini0         0x0000000000000a62        0x4 /usr/lib/gcc/avr/4.9.2/avr5/libgcc.a(_exit.o)
 *(.fini0)
                0x0000000000000a66                _etext = .

.data           0x0000000000800100       0xfe load address 0x0000000000000a66
                0x0000000000800100                PROVIDE (__data_start, .)
 *(.data)
 .data          0x0000000000800100       0x6c CMakeFiles/atmega328p.elf.dir/main_functions.c.o
                0x0000000000800100                sensorsAdresses
                0x0000000000800103                sensorsId
                0x0000000000800106                resetSensorsStrings
                0x0000000000800139                sensorsStrings
 *(.data*)
 *(.rodata)
 *(.rodata*)
 .rodata.str1.1
                0x000000000080016c       0x2e CMakeFiles/atmega328p.elf.dir/main.c.o
 .rodata.str1.1
                0x000000000080019a        0x3 CMakeFiles/atmega328p.elf.dir/slUart.c.o
 .rodata.str1.1
                0x000000000080019d       0x61 CMakeFiles/atmega328p.elf.dir/main_functions.c.o
                                         0x62 (size before relaxing)
 *(.gnu.linkonce.d*)
                0x00000000008001fe                . = ALIGN (0x2)
                0x00000000008001fe                _edata = .
                0x00000000008001fe                PROVIDE (__data_end, .)

.bss            0x00000000008001fe       0x46
                0x00000000008001fe                PROVIDE (__bss_start, .)
 *(.bss)
 .bss           0x00000000008001fe        0x1 CMakeFiles/atmega328p.elf.dir/main_functions.c.o
                0x00000000008001fe                sensorNr
 *(.bss*)
 *(COMMON)
 COMMON         0x00000000008001ff        0x1 CMakeFiles/atmega328p.elf.dir/main.c.o
                0x00000000008001ff                status
 COMMON         0x0000000000800200       0x44 CMakeFiles/atmega328p.elf.dir/main_functions.c.o
                0x0000000000800200                dataFromNRF24L01
                0x0000000000800211                BME180measure
                0x0000000000800244                PROVIDE (__bss_end, .)
                0x0000000000000a66                __data_load_start = LOADADDR (.data)
                0x0000000000000b64                __data_load_end = (__data_load_start + SIZEOF (.data))

.noinit         0x0000000000800244        0x0
                0x0000000000800244                PROVIDE (__noinit_start, .)
 *(.noinit*)
                0x0000000000800244                PROVIDE (__noinit_end, .)
                0x0000000000800244                _end = .
                0x0000000000800244                PROVIDE (__heap_start, .)

.eeprom         0x0000000000810000        0x0
 *(.eeprom*)
                0x0000000000810000                __eeprom_end = .

.fuse
 *(.fuse)
 *(.lfuse)
 *(.hfuse)
 *(.efuse)

.lock
 *(.lock*)

.signature
 *(.signature*)

.user_signatures
 *(.user_signatures*)

.stab
 *(.stab)

.stabstr
 *(.stabstr)

.stab.excl
 *(.stab.excl)

.stab.exclstr
 *(.stab.exclstr)

.stab.index
 *(.stab.index)

.stab.indexstr
 *(.stab.indexstr)

.comment        0x0000000000000000       0x11
 *(.comment)
 .comment       0x0000000000000000       0x11 CMakeFiles/atmega328p.elf.dir/main.c.o
                                         0x12 (size before relaxing)
 .comment       0x0000000000000011       0x12 CMakeFiles/atmega328p.elf.dir/slUart.c.o
 .comment       0x0000000000000011       0x12 CMakeFiles/atmega328p.elf.dir/slSPI.c.o
 .comment       0x0000000000000011       0x12 CMakeFiles/atmega328p.elf.dir/slNRF24.c.o
 .comment       0x0000000000000011       0x12 CMakeFiles/atmega328p.elf.dir/slBME180Measure.c.o
 .comment       0x0000000000000011       0x12 CMakeFiles/atmega328p.elf.dir/main_functions.c.o

.note.gnu.avr.deviceinfo
                0x0000000000000000       0x40
 .note.gnu.avr.deviceinfo
                0x0000000000000000       0x40 /usr/lib/gcc/avr/4.9.2/../../../avr/lib/avr5/crtatmega328p.o

.note.gnu.build-id
 *(.note.gnu.build-id)

.debug
 *(.debug)

.line
 *(.line)

.debug_srcinfo
 *(.debug_srcinfo)

.debug_sfnames
 *(.debug_sfnames)

.debug_aranges
 *(.debug_aranges)

.debug_pubnames
 *(.debug_pubnames)

.debug_info
 *(.debug_info .gnu.linkonce.wi.*)

.debug_abbrev
 *(.debug_abbrev)

.debug_line
 *(.debug_line .debug_line.* .debug_line_end)

.debug_frame
 *(.debug_frame)

.debug_str
 *(.debug_str)

.debug_loc
 *(.debug_loc)

.debug_macinfo
 *(.debug_macinfo)

.debug_weaknames
 *(.debug_weaknames)

.debug_funcnames
 *(.debug_funcnames)

.debug_typenames
 *(.debug_typenames)

.debug_varnames
 *(.debug_varnames)

.debug_pubtypes
 *(.debug_pubtypes)

.debug_ranges
 *(.debug_ranges)

.debug_macro
 *(.debug_macro)
OUTPUT(../bin/atmega328p.elf elf32-avr)
LOAD linker stubs
