Archive member included to satisfy reference by file (symbol)

/usr/lib/gcc/avr/4.9.2/avr4/libgcc.a(_mulsi3.o)
                              CMakeFiles/atmega8.elf.dir/BME280.c.o (__mulsi3)
/usr/lib/gcc/avr/4.9.2/avr4/libgcc.a(_divmodhi4.o)
                              CMakeFiles/atmega8.elf.dir/slAdc.c.o (__divmodhi4)
/usr/lib/gcc/avr/4.9.2/avr4/libgcc.a(_udivmodsi4.o)
                              CMakeFiles/atmega8.elf.dir/slAdc.c.o (__udivmodsi4)
/usr/lib/gcc/avr/4.9.2/avr4/libgcc.a(_exit.o)
                              /usr/lib/gcc/avr/4.9.2/../../../avr/lib/avr4/crtatmega8.o (exit)
/usr/lib/gcc/avr/4.9.2/avr4/libgcc.a(_copy_data.o)
                              CMakeFiles/atmega8.elf.dir/main.c.o (__do_copy_data)
/usr/lib/gcc/avr/4.9.2/avr4/libgcc.a(_clear_bss.o)
                              CMakeFiles/atmega8.elf.dir/main.c.o (__do_clear_bss)
/usr/lib/gcc/avr/4.9.2/avr4/libgcc.a(_muluhisi3.o)
                              CMakeFiles/atmega8.elf.dir/BME280.c.o (__muluhisi3)
/usr/lib/gcc/avr/4.9.2/avr4/libgcc.a(_mulshisi3.o)
                              CMakeFiles/atmega8.elf.dir/BME280.c.o (__mulshisi3)
/usr/lib/gcc/avr/4.9.2/avr4/libgcc.a(_muldi3.o)
                              CMakeFiles/atmega8.elf.dir/BME280.c.o (__muldi3)
/usr/lib/gcc/avr/4.9.2/avr4/libgcc.a(_muldi3_6.o)
                              /usr/lib/gcc/avr/4.9.2/avr4/libgcc.a(_muldi3.o) (__muldi3_6)
/usr/lib/gcc/avr/4.9.2/avr4/libgcc.a(_divdi3.o)
                              CMakeFiles/atmega8.elf.dir/BME280.c.o (__divdi3)
/usr/lib/gcc/avr/4.9.2/avr4/libgcc.a(_udivdi3.o)
                              /usr/lib/gcc/avr/4.9.2/avr4/libgcc.a(_divdi3.o) (__udivdi3_umoddi3)
/usr/lib/gcc/avr/4.9.2/avr4/libgcc.a(_udivmod64.o)
                              /usr/lib/gcc/avr/4.9.2/avr4/libgcc.a(_divdi3.o) (__udivmod64)
/usr/lib/gcc/avr/4.9.2/avr4/libgcc.a(_negdi2.o)
                              /usr/lib/gcc/avr/4.9.2/avr4/libgcc.a(_divdi3.o) (__negdi2)
/usr/lib/gcc/avr/4.9.2/avr4/libgcc.a(_prologue.o)
                              /usr/lib/gcc/avr/4.9.2/avr4/libgcc.a(_divdi3.o) (__prologue_saves__)
/usr/lib/gcc/avr/4.9.2/avr4/libgcc.a(_epilogue.o)
                              /usr/lib/gcc/avr/4.9.2/avr4/libgcc.a(_divdi3.o) (__epilogue_restores__)
/usr/lib/gcc/avr/4.9.2/avr4/libgcc.a(_ashldi3.o)
                              CMakeFiles/atmega8.elf.dir/BME280.c.o (__ashldi3)
/usr/lib/gcc/avr/4.9.2/avr4/libgcc.a(_ashrdi3.o)
                              CMakeFiles/atmega8.elf.dir/BME280.c.o (__ashrdi3)
/usr/lib/gcc/avr/4.9.2/avr4/libgcc.a(_adddi3.o)
                              CMakeFiles/atmega8.elf.dir/BME280.c.o (__adddi3)
/usr/lib/gcc/avr/4.9.2/avr4/libgcc.a(_subdi3.o)
                              CMakeFiles/atmega8.elf.dir/BME280.c.o (__subdi3)
/usr/lib/gcc/avr/4.9.2/avr4/libgcc.a(_cmpdi2_s8.o)
                              CMakeFiles/atmega8.elf.dir/BME280.c.o (__cmpdi2_s8)
/usr/lib/gcc/avr/4.9.2/avr4/libgcc.a(_udivmodhi4.o)
                              /usr/lib/gcc/avr/4.9.2/avr4/libgcc.a(_divmodhi4.o) (__udivmodhi4)
/usr/lib/gcc/avr/4.9.2/avr4/libgcc.a(_umulhisi3.o)
                              /usr/lib/gcc/avr/4.9.2/avr4/libgcc.a(_muluhisi3.o) (__umulhisi3)
/usr/lib/gcc/avr/4.9.2/../../../avr/lib/avr4/libc.a(itoa_ncheck.o)
                              CMakeFiles/atmega8.elf.dir/slUart.c.o (__itoa_ncheck)
/usr/lib/gcc/avr/4.9.2/../../../avr/lib/avr4/libc.a(ltoa_ncheck.o)
                              CMakeFiles/atmega8.elf.dir/slUart.c.o (__ltoa_ncheck)
/usr/lib/gcc/avr/4.9.2/../../../avr/lib/avr4/libc.a(ultoa_ncheck.o)
                              /usr/lib/gcc/avr/4.9.2/../../../avr/lib/avr4/libc.a(ltoa_ncheck.o) (__ultoa_common)
/usr/lib/gcc/avr/4.9.2/../../../avr/lib/avr4/libc.a(utoa_ncheck.o)
                              /usr/lib/gcc/avr/4.9.2/../../../avr/lib/avr4/libc.a(itoa_ncheck.o) (__utoa_common)
/usr/lib/gcc/avr/4.9.2/../../../avr/lib/avr4/libc.a(strrev.o)
                              /usr/lib/gcc/avr/4.9.2/../../../avr/lib/avr4/libc.a(ultoa_ncheck.o) (strrev)

Allocating common symbols
Common symbol       size              file

dataFromNRF24L01    0x9               CMakeFiles/atmega8.elf.dir/main.c.o
stage               0x1               CMakeFiles/atmega8.elf.dir/main.c.o
buffer              0xf               CMakeFiles/atmega8.elf.dir/main.c.o
BME180measure       0xf               CMakeFiles/atmega8.elf.dir/main.c.o
status              0x1               CMakeFiles/atmega8.elf.dir/main.c.o
t_fine              0x4               CMakeFiles/atmega8.elf.dir/BME280.c.o

Discarded input sections

 .data          0x0000000000000000        0x0 /usr/lib/gcc/avr/4.9.2/../../../avr/lib/avr4/crtatmega8.o
 .bss           0x0000000000000000        0x0 /usr/lib/gcc/avr/4.9.2/../../../avr/lib/avr4/crtatmega8.o
 .text          0x0000000000000000        0x0 CMakeFiles/atmega8.elf.dir/main.c.o
 .data          0x0000000000000000        0x0 CMakeFiles/atmega8.elf.dir/main.c.o
 .text          0x0000000000000000        0x0 CMakeFiles/atmega8.elf.dir/slUart.c.o
 .data          0x0000000000000000        0x0 CMakeFiles/atmega8.elf.dir/slUart.c.o
 .bss           0x0000000000000000        0x0 CMakeFiles/atmega8.elf.dir/slUart.c.o
 .text.slUART_Init
                0x0000000000000000        0xa CMakeFiles/atmega8.elf.dir/slUart.c.o
 .text.slUART_LogDecWithSign
                0x0000000000000000       0x36 CMakeFiles/atmega8.elf.dir/slUart.c.o
 .text.slUART_LogDecNl
                0x0000000000000000        0x8 CMakeFiles/atmega8.elf.dir/slUart.c.o
 .text.slUART_WriteBuffer
                0x0000000000000000       0x42 CMakeFiles/atmega8.elf.dir/slUart.c.o
 .text.slUART_LogHexNl
                0x0000000000000000        0x8 CMakeFiles/atmega8.elf.dir/slUart.c.o
 .text          0x0000000000000000        0x0 CMakeFiles/atmega8.elf.dir/slSPI.c.o
 .data          0x0000000000000000        0x0 CMakeFiles/atmega8.elf.dir/slSPI.c.o
 .bss           0x0000000000000000        0x0 CMakeFiles/atmega8.elf.dir/slSPI.c.o
 .text          0x0000000000000000        0x0 CMakeFiles/atmega8.elf.dir/slNRF24.c.o
 .data          0x0000000000000000        0x0 CMakeFiles/atmega8.elf.dir/slNRF24.c.o
 .bss           0x0000000000000000        0x0 CMakeFiles/atmega8.elf.dir/slNRF24.c.o
 .text          0x0000000000000000        0x0 CMakeFiles/atmega8.elf.dir/slBME180Measure.c.o
 .data          0x0000000000000000        0x0 CMakeFiles/atmega8.elf.dir/slBME180Measure.c.o
 .bss           0x0000000000000000        0x0 CMakeFiles/atmega8.elf.dir/slBME180Measure.c.o
 .text.returnMEASUREFromBuffer
                0x0000000000000000       0x4c CMakeFiles/atmega8.elf.dir/slBME180Measure.c.o
 .text          0x0000000000000000        0x0 CMakeFiles/atmega8.elf.dir/BME280.c.o
 .data          0x0000000000000000        0x0 CMakeFiles/atmega8.elf.dir/BME280.c.o
 .text          0x0000000000000000        0x0 CMakeFiles/atmega8.elf.dir/slI2C.c.o
 .data          0x0000000000000000        0x0 CMakeFiles/atmega8.elf.dir/slI2C.c.o
 .text          0x0000000000000000        0x0 CMakeFiles/atmega8.elf.dir/slAdc.c.o
 .data          0x0000000000000000        0x0 CMakeFiles/atmega8.elf.dir/slAdc.c.o
 .bss           0x0000000000000000        0x0 CMakeFiles/atmega8.elf.dir/slAdc.c.o
 .text.get_vol  0x0000000000000000       0xde CMakeFiles/atmega8.elf.dir/slAdc.c.o
 .text          0x0000000000000000        0x0 CMakeFiles/atmega8.elf.dir/main_functions.c.o
 .data          0x0000000000000000        0x0 CMakeFiles/atmega8.elf.dir/main_functions.c.o
 .bss           0x0000000000000000        0x0 CMakeFiles/atmega8.elf.dir/main_functions.c.o
 .text.clearData
                0x0000000000000000       0x14 CMakeFiles/atmega8.elf.dir/main_functions.c.o
 .text          0x0000000000000000        0x0 /usr/lib/gcc/avr/4.9.2/avr4/libgcc.a(_mulsi3.o)
 .data          0x0000000000000000        0x0 /usr/lib/gcc/avr/4.9.2/avr4/libgcc.a(_mulsi3.o)
 .bss           0x0000000000000000        0x0 /usr/lib/gcc/avr/4.9.2/avr4/libgcc.a(_mulsi3.o)
 .text.libgcc.div
                0x0000000000000000        0x0 /usr/lib/gcc/avr/4.9.2/avr4/libgcc.a(_mulsi3.o)
 .text.libgcc   0x0000000000000000        0x0 /usr/lib/gcc/avr/4.9.2/avr4/libgcc.a(_mulsi3.o)
 .text.libgcc.prologue
                0x0000000000000000        0x0 /usr/lib/gcc/avr/4.9.2/avr4/libgcc.a(_mulsi3.o)
 .text.libgcc.builtins
                0x0000000000000000        0x0 /usr/lib/gcc/avr/4.9.2/avr4/libgcc.a(_mulsi3.o)
 .text.libgcc.fmul
                0x0000000000000000        0x0 /usr/lib/gcc/avr/4.9.2/avr4/libgcc.a(_mulsi3.o)
 .text.libgcc.fixed
                0x0000000000000000        0x0 /usr/lib/gcc/avr/4.9.2/avr4/libgcc.a(_mulsi3.o)
 .text          0x0000000000000000        0x0 /usr/lib/gcc/avr/4.9.2/avr4/libgcc.a(_divmodhi4.o)
 .data          0x0000000000000000        0x0 /usr/lib/gcc/avr/4.9.2/avr4/libgcc.a(_divmodhi4.o)
 .bss           0x0000000000000000        0x0 /usr/lib/gcc/avr/4.9.2/avr4/libgcc.a(_divmodhi4.o)
 .text.libgcc.mul
                0x0000000000000000        0x0 /usr/lib/gcc/avr/4.9.2/avr4/libgcc.a(_divmodhi4.o)
 .text.libgcc.div
                0x0000000000000000       0x26 /usr/lib/gcc/avr/4.9.2/avr4/libgcc.a(_divmodhi4.o)
 .text.libgcc   0x0000000000000000        0x0 /usr/lib/gcc/avr/4.9.2/avr4/libgcc.a(_divmodhi4.o)
 .text.libgcc.prologue
                0x0000000000000000        0x0 /usr/lib/gcc/avr/4.9.2/avr4/libgcc.a(_divmodhi4.o)
 .text.libgcc.builtins
                0x0000000000000000        0x0 /usr/lib/gcc/avr/4.9.2/avr4/libgcc.a(_divmodhi4.o)
 .text.libgcc.fmul
                0x0000000000000000        0x0 /usr/lib/gcc/avr/4.9.2/avr4/libgcc.a(_divmodhi4.o)
 .text.libgcc.fixed
                0x0000000000000000        0x0 /usr/lib/gcc/avr/4.9.2/avr4/libgcc.a(_divmodhi4.o)
 .text          0x0000000000000000        0x0 /usr/lib/gcc/avr/4.9.2/avr4/libgcc.a(_udivmodsi4.o)
 .data          0x0000000000000000        0x0 /usr/lib/gcc/avr/4.9.2/avr4/libgcc.a(_udivmodsi4.o)
 .bss           0x0000000000000000        0x0 /usr/lib/gcc/avr/4.9.2/avr4/libgcc.a(_udivmodsi4.o)
 .text.libgcc.mul
                0x0000000000000000        0x0 /usr/lib/gcc/avr/4.9.2/avr4/libgcc.a(_udivmodsi4.o)
 .text.libgcc.div
                0x0000000000000000       0x44 /usr/lib/gcc/avr/4.9.2/avr4/libgcc.a(_udivmodsi4.o)
 .text.libgcc   0x0000000000000000        0x0 /usr/lib/gcc/avr/4.9.2/avr4/libgcc.a(_udivmodsi4.o)
 .text.libgcc.prologue
                0x0000000000000000        0x0 /usr/lib/gcc/avr/4.9.2/avr4/libgcc.a(_udivmodsi4.o)
 .text.libgcc.builtins
                0x0000000000000000        0x0 /usr/lib/gcc/avr/4.9.2/avr4/libgcc.a(_udivmodsi4.o)
 .text.libgcc.fmul
                0x0000000000000000        0x0 /usr/lib/gcc/avr/4.9.2/avr4/libgcc.a(_udivmodsi4.o)
 .text.libgcc.fixed
                0x0000000000000000        0x0 /usr/lib/gcc/avr/4.9.2/avr4/libgcc.a(_udivmodsi4.o)
 .text          0x0000000000000000        0x0 /usr/lib/gcc/avr/4.9.2/avr4/libgcc.a(_exit.o)
 .data          0x0000000000000000        0x0 /usr/lib/gcc/avr/4.9.2/avr4/libgcc.a(_exit.o)
 .bss           0x0000000000000000        0x0 /usr/lib/gcc/avr/4.9.2/avr4/libgcc.a(_exit.o)
 .text.libgcc.mul
                0x0000000000000000        0x0 /usr/lib/gcc/avr/4.9.2/avr4/libgcc.a(_exit.o)
 .text.libgcc.div
                0x0000000000000000        0x0 /usr/lib/gcc/avr/4.9.2/avr4/libgcc.a(_exit.o)
 .text.libgcc   0x0000000000000000        0x0 /usr/lib/gcc/avr/4.9.2/avr4/libgcc.a(_exit.o)
 .text.libgcc.prologue
                0x0000000000000000        0x0 /usr/lib/gcc/avr/4.9.2/avr4/libgcc.a(_exit.o)
 .text.libgcc.builtins
                0x0000000000000000        0x0 /usr/lib/gcc/avr/4.9.2/avr4/libgcc.a(_exit.o)
 .text.libgcc.fmul
                0x0000000000000000        0x0 /usr/lib/gcc/avr/4.9.2/avr4/libgcc.a(_exit.o)
 .text.libgcc.fixed
                0x0000000000000000        0x0 /usr/lib/gcc/avr/4.9.2/avr4/libgcc.a(_exit.o)
 .text          0x0000000000000000        0x0 /usr/lib/gcc/avr/4.9.2/avr4/libgcc.a(_copy_data.o)
 .data          0x0000000000000000        0x0 /usr/lib/gcc/avr/4.9.2/avr4/libgcc.a(_copy_data.o)
 .bss           0x0000000000000000        0x0 /usr/lib/gcc/avr/4.9.2/avr4/libgcc.a(_copy_data.o)
 .text.libgcc.mul
                0x0000000000000000        0x0 /usr/lib/gcc/avr/4.9.2/avr4/libgcc.a(_copy_data.o)
 .text.libgcc.div
                0x0000000000000000        0x0 /usr/lib/gcc/avr/4.9.2/avr4/libgcc.a(_copy_data.o)
 .text.libgcc   0x0000000000000000        0x0 /usr/lib/gcc/avr/4.9.2/avr4/libgcc.a(_copy_data.o)
 .text.libgcc.prologue
                0x0000000000000000        0x0 /usr/lib/gcc/avr/4.9.2/avr4/libgcc.a(_copy_data.o)
 .text.libgcc.builtins
                0x0000000000000000        0x0 /usr/lib/gcc/avr/4.9.2/avr4/libgcc.a(_copy_data.o)
 .text.libgcc.fmul
                0x0000000000000000        0x0 /usr/lib/gcc/avr/4.9.2/avr4/libgcc.a(_copy_data.o)
 .text.libgcc.fixed
                0x0000000000000000        0x0 /usr/lib/gcc/avr/4.9.2/avr4/libgcc.a(_copy_data.o)
 .text          0x0000000000000000        0x0 /usr/lib/gcc/avr/4.9.2/avr4/libgcc.a(_clear_bss.o)
 .data          0x0000000000000000        0x0 /usr/lib/gcc/avr/4.9.2/avr4/libgcc.a(_clear_bss.o)
 .bss           0x0000000000000000        0x0 /usr/lib/gcc/avr/4.9.2/avr4/libgcc.a(_clear_bss.o)
 .text.libgcc.mul
                0x0000000000000000        0x0 /usr/lib/gcc/avr/4.9.2/avr4/libgcc.a(_clear_bss.o)
 .text.libgcc.div
                0x0000000000000000        0x0 /usr/lib/gcc/avr/4.9.2/avr4/libgcc.a(_clear_bss.o)
 .text.libgcc   0x0000000000000000        0x0 /usr/lib/gcc/avr/4.9.2/avr4/libgcc.a(_clear_bss.o)
 .text.libgcc.prologue
                0x0000000000000000        0x0 /usr/lib/gcc/avr/4.9.2/avr4/libgcc.a(_clear_bss.o)
 .text.libgcc.builtins
                0x0000000000000000        0x0 /usr/lib/gcc/avr/4.9.2/avr4/libgcc.a(_clear_bss.o)
 .text.libgcc.fmul
                0x0000000000000000        0x0 /usr/lib/gcc/avr/4.9.2/avr4/libgcc.a(_clear_bss.o)
 .text.libgcc.fixed
                0x0000000000000000        0x0 /usr/lib/gcc/avr/4.9.2/avr4/libgcc.a(_clear_bss.o)
 .text          0x0000000000000000        0x0 /usr/lib/gcc/avr/4.9.2/avr4/libgcc.a(_muluhisi3.o)
 .data          0x0000000000000000        0x0 /usr/lib/gcc/avr/4.9.2/avr4/libgcc.a(_muluhisi3.o)
 .bss           0x0000000000000000        0x0 /usr/lib/gcc/avr/4.9.2/avr4/libgcc.a(_muluhisi3.o)
 .text.libgcc.div
                0x0000000000000000        0x0 /usr/lib/gcc/avr/4.9.2/avr4/libgcc.a(_muluhisi3.o)
 .text.libgcc   0x0000000000000000        0x0 /usr/lib/gcc/avr/4.9.2/avr4/libgcc.a(_muluhisi3.o)
 .text.libgcc.prologue
                0x0000000000000000        0x0 /usr/lib/gcc/avr/4.9.2/avr4/libgcc.a(_muluhisi3.o)
 .text.libgcc.builtins
                0x0000000000000000        0x0 /usr/lib/gcc/avr/4.9.2/avr4/libgcc.a(_muluhisi3.o)
 .text.libgcc.fmul
                0x0000000000000000        0x0 /usr/lib/gcc/avr/4.9.2/avr4/libgcc.a(_muluhisi3.o)
 .text.libgcc.fixed
                0x0000000000000000        0x0 /usr/lib/gcc/avr/4.9.2/avr4/libgcc.a(_muluhisi3.o)
 .text          0x0000000000000000        0x0 /usr/lib/gcc/avr/4.9.2/avr4/libgcc.a(_mulshisi3.o)
 .data          0x0000000000000000        0x0 /usr/lib/gcc/avr/4.9.2/avr4/libgcc.a(_mulshisi3.o)
 .bss           0x0000000000000000        0x0 /usr/lib/gcc/avr/4.9.2/avr4/libgcc.a(_mulshisi3.o)
 .text.libgcc.div
                0x0000000000000000        0x0 /usr/lib/gcc/avr/4.9.2/avr4/libgcc.a(_mulshisi3.o)
 .text.libgcc   0x0000000000000000        0x0 /usr/lib/gcc/avr/4.9.2/avr4/libgcc.a(_mulshisi3.o)
 .text.libgcc.prologue
                0x0000000000000000        0x0 /usr/lib/gcc/avr/4.9.2/avr4/libgcc.a(_mulshisi3.o)
 .text.libgcc.builtins
                0x0000000000000000        0x0 /usr/lib/gcc/avr/4.9.2/avr4/libgcc.a(_mulshisi3.o)
 .text.libgcc.fmul
                0x0000000000000000        0x0 /usr/lib/gcc/avr/4.9.2/avr4/libgcc.a(_mulshisi3.o)
 .text.libgcc.fixed
                0x0000000000000000        0x0 /usr/lib/gcc/avr/4.9.2/avr4/libgcc.a(_mulshisi3.o)
 .text          0x0000000000000000        0x0 /usr/lib/gcc/avr/4.9.2/avr4/libgcc.a(_muldi3.o)
 .data          0x0000000000000000        0x0 /usr/lib/gcc/avr/4.9.2/avr4/libgcc.a(_muldi3.o)
 .bss           0x0000000000000000        0x0 /usr/lib/gcc/avr/4.9.2/avr4/libgcc.a(_muldi3.o)
 .text.libgcc.div
                0x0000000000000000        0x0 /usr/lib/gcc/avr/4.9.2/avr4/libgcc.a(_muldi3.o)
 .text.libgcc   0x0000000000000000        0x0 /usr/lib/gcc/avr/4.9.2/avr4/libgcc.a(_muldi3.o)
 .text.libgcc.prologue
                0x0000000000000000        0x0 /usr/lib/gcc/avr/4.9.2/avr4/libgcc.a(_muldi3.o)
 .text.libgcc.builtins
                0x0000000000000000        0x0 /usr/lib/gcc/avr/4.9.2/avr4/libgcc.a(_muldi3.o)
 .text.libgcc.fmul
                0x0000000000000000        0x0 /usr/lib/gcc/avr/4.9.2/avr4/libgcc.a(_muldi3.o)
 .text.libgcc.fixed
                0x0000000000000000        0x0 /usr/lib/gcc/avr/4.9.2/avr4/libgcc.a(_muldi3.o)
 .text          0x0000000000000000        0x0 /usr/lib/gcc/avr/4.9.2/avr4/libgcc.a(_muldi3_6.o)
 .data          0x0000000000000000        0x0 /usr/lib/gcc/avr/4.9.2/avr4/libgcc.a(_muldi3_6.o)
 .bss           0x0000000000000000        0x0 /usr/lib/gcc/avr/4.9.2/avr4/libgcc.a(_muldi3_6.o)
 .text.libgcc.div
                0x0000000000000000        0x0 /usr/lib/gcc/avr/4.9.2/avr4/libgcc.a(_muldi3_6.o)
 .text.libgcc   0x0000000000000000        0x0 /usr/lib/gcc/avr/4.9.2/avr4/libgcc.a(_muldi3_6.o)
 .text.libgcc.prologue
                0x0000000000000000        0x0 /usr/lib/gcc/avr/4.9.2/avr4/libgcc.a(_muldi3_6.o)
 .text.libgcc.builtins
                0x0000000000000000        0x0 /usr/lib/gcc/avr/4.9.2/avr4/libgcc.a(_muldi3_6.o)
 .text.libgcc.fmul
                0x0000000000000000        0x0 /usr/lib/gcc/avr/4.9.2/avr4/libgcc.a(_muldi3_6.o)
 .text.libgcc.fixed
                0x0000000000000000        0x0 /usr/lib/gcc/avr/4.9.2/avr4/libgcc.a(_muldi3_6.o)
 .text          0x0000000000000000        0x0 /usr/lib/gcc/avr/4.9.2/avr4/libgcc.a(_divdi3.o)
 .data          0x0000000000000000        0x0 /usr/lib/gcc/avr/4.9.2/avr4/libgcc.a(_divdi3.o)
 .bss           0x0000000000000000        0x0 /usr/lib/gcc/avr/4.9.2/avr4/libgcc.a(_divdi3.o)
 .text.libgcc.mul
                0x0000000000000000        0x0 /usr/lib/gcc/avr/4.9.2/avr4/libgcc.a(_divdi3.o)
 .text.libgcc   0x0000000000000000        0x0 /usr/lib/gcc/avr/4.9.2/avr4/libgcc.a(_divdi3.o)
 .text.libgcc.prologue
                0x0000000000000000        0x0 /usr/lib/gcc/avr/4.9.2/avr4/libgcc.a(_divdi3.o)
 .text.libgcc.builtins
                0x0000000000000000        0x0 /usr/lib/gcc/avr/4.9.2/avr4/libgcc.a(_divdi3.o)
 .text.libgcc.fmul
                0x0000000000000000        0x0 /usr/lib/gcc/avr/4.9.2/avr4/libgcc.a(_divdi3.o)
 .text.libgcc.fixed
                0x0000000000000000        0x0 /usr/lib/gcc/avr/4.9.2/avr4/libgcc.a(_divdi3.o)
 .text          0x0000000000000000        0x0 /usr/lib/gcc/avr/4.9.2/avr4/libgcc.a(_udivdi3.o)
 .data          0x0000000000000000        0x0 /usr/lib/gcc/avr/4.9.2/avr4/libgcc.a(_udivdi3.o)
 .bss           0x0000000000000000        0x0 /usr/lib/gcc/avr/4.9.2/avr4/libgcc.a(_udivdi3.o)
 .text.libgcc.mul
                0x0000000000000000        0x0 /usr/lib/gcc/avr/4.9.2/avr4/libgcc.a(_udivdi3.o)
 .text.libgcc   0x0000000000000000        0x0 /usr/lib/gcc/avr/4.9.2/avr4/libgcc.a(_udivdi3.o)
 .text.libgcc.prologue
                0x0000000000000000        0x0 /usr/lib/gcc/avr/4.9.2/avr4/libgcc.a(_udivdi3.o)
 .text.libgcc.builtins
                0x0000000000000000        0x0 /usr/lib/gcc/avr/4.9.2/avr4/libgcc.a(_udivdi3.o)
 .text.libgcc.fmul
                0x0000000000000000        0x0 /usr/lib/gcc/avr/4.9.2/avr4/libgcc.a(_udivdi3.o)
 .text.libgcc.fixed
                0x0000000000000000        0x0 /usr/lib/gcc/avr/4.9.2/avr4/libgcc.a(_udivdi3.o)
 .text          0x0000000000000000        0x0 /usr/lib/gcc/avr/4.9.2/avr4/libgcc.a(_udivmod64.o)
 .data          0x0000000000000000        0x0 /usr/lib/gcc/avr/4.9.2/avr4/libgcc.a(_udivmod64.o)
 .bss           0x0000000000000000        0x0 /usr/lib/gcc/avr/4.9.2/avr4/libgcc.a(_udivmod64.o)
 .text.libgcc.mul
                0x0000000000000000        0x0 /usr/lib/gcc/avr/4.9.2/avr4/libgcc.a(_udivmod64.o)
 .text.libgcc   0x0000000000000000        0x0 /usr/lib/gcc/avr/4.9.2/avr4/libgcc.a(_udivmod64.o)
 .text.libgcc.prologue
                0x0000000000000000        0x0 /usr/lib/gcc/avr/4.9.2/avr4/libgcc.a(_udivmod64.o)
 .text.libgcc.builtins
                0x0000000000000000        0x0 /usr/lib/gcc/avr/4.9.2/avr4/libgcc.a(_udivmod64.o)
 .text.libgcc.fmul
                0x0000000000000000        0x0 /usr/lib/gcc/avr/4.9.2/avr4/libgcc.a(_udivmod64.o)
 .text.libgcc.fixed
                0x0000000000000000        0x0 /usr/lib/gcc/avr/4.9.2/avr4/libgcc.a(_udivmod64.o)
 .text          0x0000000000000000        0x0 /usr/lib/gcc/avr/4.9.2/avr4/libgcc.a(_negdi2.o)
 .data          0x0000000000000000        0x0 /usr/lib/gcc/avr/4.9.2/avr4/libgcc.a(_negdi2.o)
 .bss           0x0000000000000000        0x0 /usr/lib/gcc/avr/4.9.2/avr4/libgcc.a(_negdi2.o)
 .text.libgcc.mul
                0x0000000000000000        0x0 /usr/lib/gcc/avr/4.9.2/avr4/libgcc.a(_negdi2.o)
 .text.libgcc.div
                0x0000000000000000        0x0 /usr/lib/gcc/avr/4.9.2/avr4/libgcc.a(_negdi2.o)
 .text.libgcc.prologue
                0x0000000000000000        0x0 /usr/lib/gcc/avr/4.9.2/avr4/libgcc.a(_negdi2.o)
 .text.libgcc.builtins
                0x0000000000000000        0x0 /usr/lib/gcc/avr/4.9.2/avr4/libgcc.a(_negdi2.o)
 .text.libgcc.fmul
                0x0000000000000000        0x0 /usr/lib/gcc/avr/4.9.2/avr4/libgcc.a(_negdi2.o)
 .text.libgcc.fixed
                0x0000000000000000        0x0 /usr/lib/gcc/avr/4.9.2/avr4/libgcc.a(_negdi2.o)
 .text          0x0000000000000000        0x0 /usr/lib/gcc/avr/4.9.2/avr4/libgcc.a(_prologue.o)
 .data          0x0000000000000000        0x0 /usr/lib/gcc/avr/4.9.2/avr4/libgcc.a(_prologue.o)
 .bss           0x0000000000000000        0x0 /usr/lib/gcc/avr/4.9.2/avr4/libgcc.a(_prologue.o)
 .text.libgcc.mul
                0x0000000000000000        0x0 /usr/lib/gcc/avr/4.9.2/avr4/libgcc.a(_prologue.o)
 .text.libgcc.div
                0x0000000000000000        0x0 /usr/lib/gcc/avr/4.9.2/avr4/libgcc.a(_prologue.o)
 .text.libgcc   0x0000000000000000        0x0 /usr/lib/gcc/avr/4.9.2/avr4/libgcc.a(_prologue.o)
 .text.libgcc.builtins
                0x0000000000000000        0x0 /usr/lib/gcc/avr/4.9.2/avr4/libgcc.a(_prologue.o)
 .text.libgcc.fmul
                0x0000000000000000        0x0 /usr/lib/gcc/avr/4.9.2/avr4/libgcc.a(_prologue.o)
 .text.libgcc.fixed
                0x0000000000000000        0x0 /usr/lib/gcc/avr/4.9.2/avr4/libgcc.a(_prologue.o)
 .text          0x0000000000000000        0x0 /usr/lib/gcc/avr/4.9.2/avr4/libgcc.a(_epilogue.o)
 .data          0x0000000000000000        0x0 /usr/lib/gcc/avr/4.9.2/avr4/libgcc.a(_epilogue.o)
 .bss           0x0000000000000000        0x0 /usr/lib/gcc/avr/4.9.2/avr4/libgcc.a(_epilogue.o)
 .text.libgcc.mul
                0x0000000000000000        0x0 /usr/lib/gcc/avr/4.9.2/avr4/libgcc.a(_epilogue.o)
 .text.libgcc.div
                0x0000000000000000        0x0 /usr/lib/gcc/avr/4.9.2/avr4/libgcc.a(_epilogue.o)
 .text.libgcc   0x0000000000000000        0x0 /usr/lib/gcc/avr/4.9.2/avr4/libgcc.a(_epilogue.o)
 .text.libgcc.builtins
                0x0000000000000000        0x0 /usr/lib/gcc/avr/4.9.2/avr4/libgcc.a(_epilogue.o)
 .text.libgcc.fmul
                0x0000000000000000        0x0 /usr/lib/gcc/avr/4.9.2/avr4/libgcc.a(_epilogue.o)
 .text.libgcc.fixed
                0x0000000000000000        0x0 /usr/lib/gcc/avr/4.9.2/avr4/libgcc.a(_epilogue.o)
 .text          0x0000000000000000        0x0 /usr/lib/gcc/avr/4.9.2/avr4/libgcc.a(_ashldi3.o)
 .data          0x0000000000000000        0x0 /usr/lib/gcc/avr/4.9.2/avr4/libgcc.a(_ashldi3.o)
 .bss           0x0000000000000000        0x0 /usr/lib/gcc/avr/4.9.2/avr4/libgcc.a(_ashldi3.o)
 .text.libgcc.mul
                0x0000000000000000        0x0 /usr/lib/gcc/avr/4.9.2/avr4/libgcc.a(_ashldi3.o)
 .text.libgcc.div
                0x0000000000000000        0x0 /usr/lib/gcc/avr/4.9.2/avr4/libgcc.a(_ashldi3.o)
 .text.libgcc   0x0000000000000000        0x0 /usr/lib/gcc/avr/4.9.2/avr4/libgcc.a(_ashldi3.o)
 .text.libgcc.prologue
                0x0000000000000000        0x0 /usr/lib/gcc/avr/4.9.2/avr4/libgcc.a(_ashldi3.o)
 .text.libgcc.fmul
                0x0000000000000000        0x0 /usr/lib/gcc/avr/4.9.2/avr4/libgcc.a(_ashldi3.o)
 .text.libgcc.fixed
                0x0000000000000000        0x0 /usr/lib/gcc/avr/4.9.2/avr4/libgcc.a(_ashldi3.o)
 .text          0x0000000000000000        0x0 /usr/lib/gcc/avr/4.9.2/avr4/libgcc.a(_ashrdi3.o)
 .data          0x0000000000000000        0x0 /usr/lib/gcc/avr/4.9.2/avr4/libgcc.a(_ashrdi3.o)
 .bss           0x0000000000000000        0x0 /usr/lib/gcc/avr/4.9.2/avr4/libgcc.a(_ashrdi3.o)
 .text.libgcc.mul
                0x0000000000000000        0x0 /usr/lib/gcc/avr/4.9.2/avr4/libgcc.a(_ashrdi3.o)
 .text.libgcc.div
                0x0000000000000000        0x0 /usr/lib/gcc/avr/4.9.2/avr4/libgcc.a(_ashrdi3.o)
 .text.libgcc   0x0000000000000000        0x0 /usr/lib/gcc/avr/4.9.2/avr4/libgcc.a(_ashrdi3.o)
 .text.libgcc.prologue
                0x0000000000000000        0x0 /usr/lib/gcc/avr/4.9.2/avr4/libgcc.a(_ashrdi3.o)
 .text.libgcc.fmul
                0x0000000000000000        0x0 /usr/lib/gcc/avr/4.9.2/avr4/libgcc.a(_ashrdi3.o)
 .text.libgcc.fixed
                0x0000000000000000        0x0 /usr/lib/gcc/avr/4.9.2/avr4/libgcc.a(_ashrdi3.o)
 .text          0x0000000000000000        0x0 /usr/lib/gcc/avr/4.9.2/avr4/libgcc.a(_adddi3.o)
 .data          0x0000000000000000        0x0 /usr/lib/gcc/avr/4.9.2/avr4/libgcc.a(_adddi3.o)
 .bss           0x0000000000000000        0x0 /usr/lib/gcc/avr/4.9.2/avr4/libgcc.a(_adddi3.o)
 .text.libgcc.mul
                0x0000000000000000        0x0 /usr/lib/gcc/avr/4.9.2/avr4/libgcc.a(_adddi3.o)
 .text.libgcc.div
                0x0000000000000000        0x0 /usr/lib/gcc/avr/4.9.2/avr4/libgcc.a(_adddi3.o)
 .text.libgcc.prologue
                0x0000000000000000        0x0 /usr/lib/gcc/avr/4.9.2/avr4/libgcc.a(_adddi3.o)
 .text.libgcc.builtins
                0x0000000000000000        0x0 /usr/lib/gcc/avr/4.9.2/avr4/libgcc.a(_adddi3.o)
 .text.libgcc.fmul
                0x0000000000000000        0x0 /usr/lib/gcc/avr/4.9.2/avr4/libgcc.a(_adddi3.o)
 .text.libgcc.fixed
                0x0000000000000000        0x0 /usr/lib/gcc/avr/4.9.2/avr4/libgcc.a(_adddi3.o)
 .text          0x0000000000000000        0x0 /usr/lib/gcc/avr/4.9.2/avr4/libgcc.a(_subdi3.o)
 .data          0x0000000000000000        0x0 /usr/lib/gcc/avr/4.9.2/avr4/libgcc.a(_subdi3.o)
 .bss           0x0000000000000000        0x0 /usr/lib/gcc/avr/4.9.2/avr4/libgcc.a(_subdi3.o)
 .text.libgcc.mul
                0x0000000000000000        0x0 /usr/lib/gcc/avr/4.9.2/avr4/libgcc.a(_subdi3.o)
 .text.libgcc.div
                0x0000000000000000        0x0 /usr/lib/gcc/avr/4.9.2/avr4/libgcc.a(_subdi3.o)
 .text.libgcc.prologue
                0x0000000000000000        0x0 /usr/lib/gcc/avr/4.9.2/avr4/libgcc.a(_subdi3.o)
 .text.libgcc.builtins
                0x0000000000000000        0x0 /usr/lib/gcc/avr/4.9.2/avr4/libgcc.a(_subdi3.o)
 .text.libgcc.fmul
                0x0000000000000000        0x0 /usr/lib/gcc/avr/4.9.2/avr4/libgcc.a(_subdi3.o)
 .text.libgcc.fixed
                0x0000000000000000        0x0 /usr/lib/gcc/avr/4.9.2/avr4/libgcc.a(_subdi3.o)
 .text          0x0000000000000000        0x0 /usr/lib/gcc/avr/4.9.2/avr4/libgcc.a(_cmpdi2_s8.o)
 .data          0x0000000000000000        0x0 /usr/lib/gcc/avr/4.9.2/avr4/libgcc.a(_cmpdi2_s8.o)
 .bss           0x0000000000000000        0x0 /usr/lib/gcc/avr/4.9.2/avr4/libgcc.a(_cmpdi2_s8.o)
 .text.libgcc.mul
                0x0000000000000000        0x0 /usr/lib/gcc/avr/4.9.2/avr4/libgcc.a(_cmpdi2_s8.o)
 .text.libgcc.div
                0x0000000000000000        0x0 /usr/lib/gcc/avr/4.9.2/avr4/libgcc.a(_cmpdi2_s8.o)
 .text.libgcc.prologue
                0x0000000000000000        0x0 /usr/lib/gcc/avr/4.9.2/avr4/libgcc.a(_cmpdi2_s8.o)
 .text.libgcc.builtins
                0x0000000000000000        0x0 /usr/lib/gcc/avr/4.9.2/avr4/libgcc.a(_cmpdi2_s8.o)
 .text.libgcc.fmul
                0x0000000000000000        0x0 /usr/lib/gcc/avr/4.9.2/avr4/libgcc.a(_cmpdi2_s8.o)
 .text.libgcc.fixed
                0x0000000000000000        0x0 /usr/lib/gcc/avr/4.9.2/avr4/libgcc.a(_cmpdi2_s8.o)
 .text          0x0000000000000000        0x0 /usr/lib/gcc/avr/4.9.2/avr4/libgcc.a(_udivmodhi4.o)
 .data          0x0000000000000000        0x0 /usr/lib/gcc/avr/4.9.2/avr4/libgcc.a(_udivmodhi4.o)
 .bss           0x0000000000000000        0x0 /usr/lib/gcc/avr/4.9.2/avr4/libgcc.a(_udivmodhi4.o)
 .text.libgcc.mul
                0x0000000000000000        0x0 /usr/lib/gcc/avr/4.9.2/avr4/libgcc.a(_udivmodhi4.o)
 .text.libgcc.div
                0x0000000000000000       0x28 /usr/lib/gcc/avr/4.9.2/avr4/libgcc.a(_udivmodhi4.o)
 .text.libgcc   0x0000000000000000        0x0 /usr/lib/gcc/avr/4.9.2/avr4/libgcc.a(_udivmodhi4.o)
 .text.libgcc.prologue
                0x0000000000000000        0x0 /usr/lib/gcc/avr/4.9.2/avr4/libgcc.a(_udivmodhi4.o)
 .text.libgcc.builtins
                0x0000000000000000        0x0 /usr/lib/gcc/avr/4.9.2/avr4/libgcc.a(_udivmodhi4.o)
 .text.libgcc.fmul
                0x0000000000000000        0x0 /usr/lib/gcc/avr/4.9.2/avr4/libgcc.a(_udivmodhi4.o)
 .text.libgcc.fixed
                0x0000000000000000        0x0 /usr/lib/gcc/avr/4.9.2/avr4/libgcc.a(_udivmodhi4.o)
 .text          0x0000000000000000        0x0 /usr/lib/gcc/avr/4.9.2/avr4/libgcc.a(_umulhisi3.o)
 .data          0x0000000000000000        0x0 /usr/lib/gcc/avr/4.9.2/avr4/libgcc.a(_umulhisi3.o)
 .bss           0x0000000000000000        0x0 /usr/lib/gcc/avr/4.9.2/avr4/libgcc.a(_umulhisi3.o)
 .text.libgcc.div
                0x0000000000000000        0x0 /usr/lib/gcc/avr/4.9.2/avr4/libgcc.a(_umulhisi3.o)
 .text.libgcc   0x0000000000000000        0x0 /usr/lib/gcc/avr/4.9.2/avr4/libgcc.a(_umulhisi3.o)
 .text.libgcc.prologue
                0x0000000000000000        0x0 /usr/lib/gcc/avr/4.9.2/avr4/libgcc.a(_umulhisi3.o)
 .text.libgcc.builtins
                0x0000000000000000        0x0 /usr/lib/gcc/avr/4.9.2/avr4/libgcc.a(_umulhisi3.o)
 .text.libgcc.fmul
                0x0000000000000000        0x0 /usr/lib/gcc/avr/4.9.2/avr4/libgcc.a(_umulhisi3.o)
 .text.libgcc.fixed
                0x0000000000000000        0x0 /usr/lib/gcc/avr/4.9.2/avr4/libgcc.a(_umulhisi3.o)
 .text          0x0000000000000000        0x0 /usr/lib/gcc/avr/4.9.2/../../../avr/lib/avr4/libc.a(itoa_ncheck.o)
 .data          0x0000000000000000        0x0 /usr/lib/gcc/avr/4.9.2/../../../avr/lib/avr4/libc.a(itoa_ncheck.o)
 .bss           0x0000000000000000        0x0 /usr/lib/gcc/avr/4.9.2/../../../avr/lib/avr4/libc.a(itoa_ncheck.o)
 .text          0x0000000000000000        0x0 /usr/lib/gcc/avr/4.9.2/../../../avr/lib/avr4/libc.a(ltoa_ncheck.o)
 .data          0x0000000000000000        0x0 /usr/lib/gcc/avr/4.9.2/../../../avr/lib/avr4/libc.a(ltoa_ncheck.o)
 .bss           0x0000000000000000        0x0 /usr/lib/gcc/avr/4.9.2/../../../avr/lib/avr4/libc.a(ltoa_ncheck.o)
 .text          0x0000000000000000        0x0 /usr/lib/gcc/avr/4.9.2/../../../avr/lib/avr4/libc.a(ultoa_ncheck.o)
 .data          0x0000000000000000        0x0 /usr/lib/gcc/avr/4.9.2/../../../avr/lib/avr4/libc.a(ultoa_ncheck.o)
 .bss           0x0000000000000000        0x0 /usr/lib/gcc/avr/4.9.2/../../../avr/lib/avr4/libc.a(ultoa_ncheck.o)
 .text          0x0000000000000000        0x0 /usr/lib/gcc/avr/4.9.2/../../../avr/lib/avr4/libc.a(utoa_ncheck.o)
 .data          0x0000000000000000        0x0 /usr/lib/gcc/avr/4.9.2/../../../avr/lib/avr4/libc.a(utoa_ncheck.o)
 .bss           0x0000000000000000        0x0 /usr/lib/gcc/avr/4.9.2/../../../avr/lib/avr4/libc.a(utoa_ncheck.o)
 .text          0x0000000000000000        0x0 /usr/lib/gcc/avr/4.9.2/../../../avr/lib/avr4/libc.a(strrev.o)
 .data          0x0000000000000000        0x0 /usr/lib/gcc/avr/4.9.2/../../../avr/lib/avr4/libc.a(strrev.o)
 .bss           0x0000000000000000        0x0 /usr/lib/gcc/avr/4.9.2/../../../avr/lib/avr4/libc.a(strrev.o)

Memory Configuration

Name             Origin             Length             Attributes
text             0x0000000000000000 0x0000000000002000 xr
data             0x0000000000800060 0x000000000000ffa0 rw !x
eeprom           0x0000000000810000 0x0000000000010000 rw !x
fuse             0x0000000000820000 0x0000000000000400 rw !x
lock             0x0000000000830000 0x0000000000000400 rw !x
signature        0x0000000000840000 0x0000000000000400 rw !x
user_signatures  0x0000000000850000 0x0000000000000400 rw !x
*default*        0x0000000000000000 0xffffffffffffffff

Linker script and memory map

LOAD /usr/lib/gcc/avr/4.9.2/../../../avr/lib/avr4/crtatmega8.o
LOAD CMakeFiles/atmega8.elf.dir/main.c.o
LOAD CMakeFiles/atmega8.elf.dir/slUart.c.o
LOAD CMakeFiles/atmega8.elf.dir/slSPI.c.o
LOAD CMakeFiles/atmega8.elf.dir/slNRF24.c.o
LOAD CMakeFiles/atmega8.elf.dir/slBME180Measure.c.o
LOAD CMakeFiles/atmega8.elf.dir/BME280.c.o
LOAD CMakeFiles/atmega8.elf.dir/slI2C.c.o
LOAD CMakeFiles/atmega8.elf.dir/slAdc.c.o
LOAD CMakeFiles/atmega8.elf.dir/main_functions.c.o
START GROUP
LOAD /usr/lib/gcc/avr/4.9.2/avr4/libgcc.a
LOAD /usr/lib/gcc/avr/4.9.2/../../../avr/lib/avr4/libm.a
LOAD /usr/lib/gcc/avr/4.9.2/../../../avr/lib/avr4/libc.a
LOAD /usr/lib/gcc/avr/4.9.2/../../../avr/lib/avr4/libatmega8.a
END GROUP

.hash
 *(.hash)

.dynsym
 *(.dynsym)

.dynstr
 *(.dynstr)

.gnu.version
 *(.gnu.version)

.gnu.version_d
 *(.gnu.version_d)

.gnu.version_r
 *(.gnu.version_r)

.rel.init
 *(.rel.init)

.rela.init
 *(.rela.init)

.rel.text
 *(.rel.text)
 *(.rel.text.*)
 *(.rel.gnu.linkonce.t*)

.rela.text
 *(.rela.text)
 *(.rela.text.*)
 *(.rela.gnu.linkonce.t*)

.rel.fini
 *(.rel.fini)

.rela.fini
 *(.rela.fini)

.rel.rodata
 *(.rel.rodata)
 *(.rel.rodata.*)
 *(.rel.gnu.linkonce.r*)

.rela.rodata
 *(.rela.rodata)
 *(.rela.rodata.*)
 *(.rela.gnu.linkonce.r*)

.rel.data
 *(.rel.data)
 *(.rel.data.*)
 *(.rel.gnu.linkonce.d*)

.rela.data
 *(.rela.data)
 *(.rela.data.*)
 *(.rela.gnu.linkonce.d*)

.rel.ctors
 *(.rel.ctors)

.rela.ctors
 *(.rela.ctors)

.rel.dtors
 *(.rel.dtors)

.rela.dtors
 *(.rela.dtors)

.rel.got
 *(.rel.got)

.rela.got
 *(.rela.got)

.rel.bss
 *(.rel.bss)

.rela.bss
 *(.rela.bss)

.rel.plt
 *(.rel.plt)

.rela.plt
 *(.rela.plt)

.text           0x0000000000000000     0x1b02
 *(.vectors)
 .vectors       0x0000000000000000       0x26 /usr/lib/gcc/avr/4.9.2/../../../avr/lib/avr4/crtatmega8.o
                0x0000000000000000                __vectors
                0x0000000000000000                __vector_default
 *(.vectors)
 *(.progmem.gcc*)
                0x0000000000000026                . = ALIGN (0x2)
                0x0000000000000026                __trampolines_start = .
 *(.trampolines)
 .trampolines   0x0000000000000026        0x0 linker stubs
 *(.trampolines*)
                0x0000000000000026                __trampolines_end = .
 *(.progmem*)
                0x0000000000000026                . = ALIGN (0x2)
 *(.jumptables)
 *(.jumptables*)
 *(.lowtext)
 *(.lowtext*)
                0x0000000000000026                __ctors_start = .
 *(.ctors)
                0x0000000000000026                __ctors_end = .
                0x0000000000000026                __dtors_start = .
 *(.dtors)
                0x0000000000000026                __dtors_end = .
 SORT(*)(.ctors)
 SORT(*)(.dtors)
 *(.init0)
 .init0         0x0000000000000026        0x0 /usr/lib/gcc/avr/4.9.2/../../../avr/lib/avr4/crtatmega8.o
                0x0000000000000026                __init
 *(.init0)
 *(.init1)
 *(.init1)
 *(.init2)
 .init2         0x0000000000000026        0xc /usr/lib/gcc/avr/4.9.2/../../../avr/lib/avr4/crtatmega8.o
 *(.init2)
 *(.init3)
 *(.init3)
 *(.init4)
 .init4         0x0000000000000032       0x16 /usr/lib/gcc/avr/4.9.2/avr4/libgcc.a(_copy_data.o)
                0x0000000000000032                __do_copy_data
 .init4         0x0000000000000048       0x10 /usr/lib/gcc/avr/4.9.2/avr4/libgcc.a(_clear_bss.o)
                0x0000000000000048                __do_clear_bss
 *(.init4)
 *(.init5)
 *(.init5)
 *(.init6)
 *(.init6)
 *(.init7)
 *(.init7)
 *(.init8)
 *(.init8)
 *(.init9)
 .init9         0x0000000000000058        0x4 /usr/lib/gcc/avr/4.9.2/../../../avr/lib/avr4/crtatmega8.o
 *(.init9)
 *(.text)
 .text          0x000000000000005c        0x2 /usr/lib/gcc/avr/4.9.2/../../../avr/lib/avr4/crtatmega8.o
                0x000000000000005c                __vector_1
                0x000000000000005c                __vector_12
                0x000000000000005c                __bad_interrupt
                0x000000000000005c                __vector_6
                0x000000000000005c                __vector_3
                0x000000000000005c                __vector_11
                0x000000000000005c                __vector_13
                0x000000000000005c                __vector_17
                0x000000000000005c                __vector_7
                0x000000000000005c                __vector_5
                0x000000000000005c                __vector_4
                0x000000000000005c                __vector_15
                0x000000000000005c                __vector_8
                0x000000000000005c                __vector_14
                0x000000000000005c                __vector_10
                0x000000000000005c                __vector_16
                0x000000000000005c                __vector_18
                0x000000000000005e                . = ALIGN (0x2)
 *(.text.*)
 .text.setupTimer
                0x000000000000005e        0xe CMakeFiles/atmega8.elf.dir/main.c.o
                0x000000000000005e                setupTimer
 .text.setupResetPin
                0x000000000000006c        0x6 CMakeFiles/atmega8.elf.dir/main.c.o
                0x000000000000006c                setupResetPin
 .text.setupInt1
                0x0000000000000072       0x18 CMakeFiles/atmega8.elf.dir/main.c.o
                0x0000000000000072                setupInt1
 .text.startup.main
                0x000000000000008a       0x5c CMakeFiles/atmega8.elf.dir/main.c.o
                0x000000000000008a                main
 .text.__vector_9
                0x00000000000000e6       0xc4 CMakeFiles/atmega8.elf.dir/main.c.o
                0x00000000000000e6                __vector_9
 .text.__vector_2
                0x00000000000001aa       0xca CMakeFiles/atmega8.elf.dir/main.c.o
                0x00000000000001aa                __vector_2
 .text.slUART_SimpleTransmitInit
                0x0000000000000274        0xc CMakeFiles/atmega8.elf.dir/slUart.c.o
                0x0000000000000274                slUART_SimpleTransmitInit
 .text.slUART_WriteByte
                0x0000000000000280        0x8 CMakeFiles/atmega8.elf.dir/slUart.c.o
                0x0000000000000280                slUART_WriteByte
 .text.slUART_WriteString
                0x0000000000000288       0x16 CMakeFiles/atmega8.elf.dir/slUart.c.o
                0x0000000000000288                slUART_WriteString
 .text.slUART_WriteStringNl
                0x000000000000029e        0x8 CMakeFiles/atmega8.elf.dir/slUart.c.o
                0x000000000000029e                slUART_WriteStringNl
 .text.slUART_LogBinary
                0x00000000000002a6       0x36 CMakeFiles/atmega8.elf.dir/slUart.c.o
                0x00000000000002a6                slUART_LogBinary
 .text.slUART_LogBinaryNl
                0x00000000000002dc        0x8 CMakeFiles/atmega8.elf.dir/slUart.c.o
                0x00000000000002dc                slUART_LogBinaryNl
 .text.slUART_LogDec
                0x00000000000002e4       0x36 CMakeFiles/atmega8.elf.dir/slUart.c.o
                0x00000000000002e4                slUART_LogDec
 .text.slUART_LogHex
                0x000000000000031a       0x36 CMakeFiles/atmega8.elf.dir/slUart.c.o
                0x000000000000031a                slUART_LogHex
 .text.slUART_LogHex32WithSign
                0x0000000000000350       0x36 CMakeFiles/atmega8.elf.dir/slUart.c.o
                0x0000000000000350                slUART_LogHex32WithSign
 .text.slUART_LogHex32
                0x0000000000000386       0x36 CMakeFiles/atmega8.elf.dir/slUart.c.o
                0x0000000000000386                slUART_LogHex32
 .text.slSPI_Init
                0x00000000000003bc       0x22 CMakeFiles/atmega8.elf.dir/slSPI.c.o
                0x00000000000003bc                slSPI_Init
 .text.slSPI_TransferInt
                0x00000000000003de        0xc CMakeFiles/atmega8.elf.dir/slSPI.c.o
                0x00000000000003de                slSPI_TransferInt
 .text.slNRF24_IoInit
                0x00000000000003ea        0xa CMakeFiles/atmega8.elf.dir/slNRF24.c.o
                0x00000000000003ea                slNRF24_IoInit
 .text.slNRF24_SetRegister
                0x00000000000003f4       0x6e CMakeFiles/atmega8.elf.dir/slNRF24.c.o
                0x00000000000003f4                slNRF24_SetRegister
 .text.slNRF24_GetRegister
                0x0000000000000462       0x6e CMakeFiles/atmega8.elf.dir/slNRF24.c.o
                0x0000000000000462                slNRF24_GetRegister
 .text.slNRF24_ChangeAddress
                0x00000000000004d0       0x70 CMakeFiles/atmega8.elf.dir/slNRF24.c.o
                0x00000000000004d0                slNRF24_ChangeAddress
 .text.slNRF24_Init
                0x0000000000000540       0xd4 CMakeFiles/atmega8.elf.dir/slNRF24.c.o
                0x0000000000000540                slNRF24_Init
 .text.slNRF24_Reset
                0x0000000000000614       0x2e CMakeFiles/atmega8.elf.dir/slNRF24.c.o
                0x0000000000000614                slNRF24_Reset
 .text.slNRF24_TransmitPayload
                0x0000000000000642       0x90 CMakeFiles/atmega8.elf.dir/slNRF24.c.o
                0x0000000000000642                slNRF24_TransmitPayload
 .text.slNRF24_TxPowerUp
                0x00000000000006d2       0x38 CMakeFiles/atmega8.elf.dir/slNRF24.c.o
                0x00000000000006d2                slNRF24_TxPowerUp
 .text.slNRF24_PowerDown
                0x000000000000070a       0x32 CMakeFiles/atmega8.elf.dir/slNRF24.c.o
                0x000000000000070a                slNRF24_PowerDown
 .text.slNRF24_FlushTx
                0x000000000000073c       0x22 CMakeFiles/atmega8.elf.dir/slNRF24.c.o
                0x000000000000073c                slNRF24_FlushTx
 .text.slNRF24_RxPowerUp
                0x000000000000075e       0x38 CMakeFiles/atmega8.elf.dir/slNRF24.c.o
                0x000000000000075e                slNRF24_RxPowerUp
 .text.slNRF24_FlushRx
                0x0000000000000796       0x22 CMakeFiles/atmega8.elf.dir/slNRF24.c.o
                0x0000000000000796                slNRF24_FlushRx
 .text.fillBuferFromMEASURE
                0x00000000000007b8       0x18 CMakeFiles/atmega8.elf.dir/slBME180Measure.c.o
                0x00000000000007b8                fillBuferFromMEASURE
 .text.I2C_WriteData
                0x00000000000007d0       0x64 CMakeFiles/atmega8.elf.dir/BME280.c.o
                0x00000000000007d0                I2C_WriteData
 .text.I2C_ReadData
                0x0000000000000834       0xac CMakeFiles/atmega8.elf.dir/BME280.c.o
                0x0000000000000834                I2C_ReadData
 .text.BME280_getCalibrationData
                0x00000000000008e0      0x204 CMakeFiles/atmega8.elf.dir/BME280.c.o
                0x00000000000008e0                BME280_getCalibrationData
 .text.BME280_Init
                0x0000000000000ae4       0xcc CMakeFiles/atmega8.elf.dir/BME280.c.o
                0x0000000000000ae4                BME280_Init
 .text.BME280_CompensateT
                0x0000000000000bb0       0xfe CMakeFiles/atmega8.elf.dir/BME280.c.o
                0x0000000000000bb0                BME280_CompensateT
 .text.BME280_CompensateP
                0x0000000000000cae      0x408 CMakeFiles/atmega8.elf.dir/BME280.c.o
                0x0000000000000cae                BME280_CompensateP
 .text.BME280_CompensateH
                0x00000000000010b6      0x1c6 CMakeFiles/atmega8.elf.dir/BME280.c.o
                0x00000000000010b6                BME280_CompensateH
 .text.BME280_ReadAll
                0x000000000000127c      0x158 CMakeFiles/atmega8.elf.dir/BME280.c.o
                0x000000000000127c                BME280_ReadAll
 .text.BME280_SetMode
                0x00000000000013d4       0x4a CMakeFiles/atmega8.elf.dir/BME280.c.o
                0x00000000000013d4                BME280_SetMode
 .text.slI2C_WaitForComplete
                0x000000000000141e        0x8 CMakeFiles/atmega8.elf.dir/slI2C.c.o
 .text.slI2C_returnReadValue
                0x0000000000001426        0x6 CMakeFiles/atmega8.elf.dir/slI2C.c.o
                0x0000000000001426                slI2C_returnReadValue
 .text.slI2C_SetSLA
                0x000000000000142c       0x3a CMakeFiles/atmega8.elf.dir/slI2C.c.o
                0x000000000000142c                slI2C_SetSLA
 .text.slI2C_Init
                0x0000000000001466       0x14 CMakeFiles/atmega8.elf.dir/slI2C.c.o
                0x0000000000001466                slI2C_Init
 .text.slI2C_Start
                0x000000000000147a       0x26 CMakeFiles/atmega8.elf.dir/slI2C.c.o
                0x000000000000147a                slI2C_Start
 .text.slI2C_Stop
                0x00000000000014a0       0x14 CMakeFiles/atmega8.elf.dir/slI2C.c.o
                0x00000000000014a0                slI2C_Stop
 .text.slI2C_WriteByte
                0x00000000000014b4       0x3a CMakeFiles/atmega8.elf.dir/slI2C.c.o
                0x00000000000014b4                slI2C_WriteByte
 .text.slI2C_ReadByte_NACK
                0x00000000000014ee       0x24 CMakeFiles/atmega8.elf.dir/slI2C.c.o
                0x00000000000014ee                slI2C_ReadByte_NACK
 .text.slI2C_ReadByte_ACK
                0x0000000000001512       0x24 CMakeFiles/atmega8.elf.dir/slI2C.c.o
                0x0000000000001512                slI2C_ReadByte_ACK
 .text.slADC_init
                0x0000000000001536       0x10 CMakeFiles/atmega8.elf.dir/slAdc.c.o
                0x0000000000001536                slADC_init
 .text.slADC_measure
                0x0000000000001546       0x18 CMakeFiles/atmega8.elf.dir/slAdc.c.o
                0x0000000000001546                slADC_measure
 .text.restart  0x000000000000155e        0xa CMakeFiles/atmega8.elf.dir/main_functions.c.o
                0x000000000000155e                restart
 .text.setBME280Mode
                0x0000000000001568       0x12 CMakeFiles/atmega8.elf.dir/main_functions.c.o
                0x0000000000001568                setBME280Mode
 .text.getDataFromBME280
                0x000000000000157a       0x86 CMakeFiles/atmega8.elf.dir/main_functions.c.o
                0x000000000000157a                getDataFromBME280
 .text.getDataFromADC
                0x0000000000001600       0x30 CMakeFiles/atmega8.elf.dir/main_functions.c.o
                0x0000000000001600                getDataFromADC
 .text.getMesurements
                0x0000000000001630       0x62 CMakeFiles/atmega8.elf.dir/main_functions.c.o
                0x0000000000001630                getMesurements
 .text.goReset  0x0000000000001692       0x1e CMakeFiles/atmega8.elf.dir/main_functions.c.o
                0x0000000000001692                goReset
 .text.isStartStringMatch
                0x00000000000016b0       0x30 CMakeFiles/atmega8.elf.dir/main_functions.c.o
                0x00000000000016b0                isStartStringMatch
 .text.getDataFromNRF24L01
                0x00000000000016e0        0xe CMakeFiles/atmega8.elf.dir/main_functions.c.o
                0x00000000000016e0                getDataFromNRF24L01
 .text.sendVianRF24L01
                0x00000000000016ee       0x2e CMakeFiles/atmega8.elf.dir/main_functions.c.o
                0x00000000000016ee                sendVianRF24L01
 .text.libgcc.mul
                0x000000000000171c       0x1e /usr/lib/gcc/avr/4.9.2/avr4/libgcc.a(_mulsi3.o)
                0x000000000000171c                __mulsi3
 .text.libgcc.mul
                0x000000000000173a       0x14 /usr/lib/gcc/avr/4.9.2/avr4/libgcc.a(_muluhisi3.o)
                0x000000000000173a                __muluhisi3
 .text.libgcc.mul
                0x000000000000174e        0xc /usr/lib/gcc/avr/4.9.2/avr4/libgcc.a(_mulshisi3.o)
                0x000000000000174e                __mulshisi3
                0x0000000000001752                __mulohisi3
 .text.libgcc.mul
                0x000000000000175a       0x92 /usr/lib/gcc/avr/4.9.2/avr4/libgcc.a(_muldi3.o)
                0x000000000000175a                __muldi3
 .text.libgcc.mul
                0x00000000000017ec       0x10 /usr/lib/gcc/avr/4.9.2/avr4/libgcc.a(_muldi3_6.o)
                0x00000000000017ec                __muldi3_6
 .text.libgcc.div
                0x00000000000017fc       0x56 /usr/lib/gcc/avr/4.9.2/avr4/libgcc.a(_divdi3.o)
                0x00000000000017fc                __moddi3
                0x0000000000001800                __divdi3
                0x0000000000001802                __divdi3_moddi3
 .text.libgcc.div
                0x0000000000001852       0x1a /usr/lib/gcc/avr/4.9.2/avr4/libgcc.a(_udivdi3.o)
                0x0000000000001852                __umoddi3
                0x0000000000001856                __udivdi3
                0x0000000000001858                __udivdi3_umoddi3
 .text.libgcc.div
                0x000000000000186c       0x7e /usr/lib/gcc/avr/4.9.2/avr4/libgcc.a(_udivmod64.o)
                0x000000000000186c                __udivmod64
 .text.libgcc   0x00000000000018ea       0x20 /usr/lib/gcc/avr/4.9.2/avr4/libgcc.a(_negdi2.o)
                0x00000000000018ea                __negdi2
 .text.libgcc.prologue
                0x000000000000190a       0x38 /usr/lib/gcc/avr/4.9.2/avr4/libgcc.a(_prologue.o)
                0x000000000000190a                __prologue_saves__
 .text.libgcc.prologue
                0x0000000000001942       0x36 /usr/lib/gcc/avr/4.9.2/avr4/libgcc.a(_epilogue.o)
                0x0000000000001942                __epilogue_restores__
 .text.libgcc.builtins
                0x0000000000001978       0x32 /usr/lib/gcc/avr/4.9.2/avr4/libgcc.a(_ashldi3.o)
                0x0000000000001978                __ashldi3
 .text.libgcc.builtins
                0x00000000000019aa       0x3c /usr/lib/gcc/avr/4.9.2/avr4/libgcc.a(_ashrdi3.o)
                0x00000000000019aa                __ashrdi3
                0x00000000000019ae                __lshrdi3
 .text.libgcc   0x00000000000019e6       0x12 /usr/lib/gcc/avr/4.9.2/avr4/libgcc.a(_adddi3.o)
                0x00000000000019e6                __adddi3
 .text.libgcc   0x00000000000019f8       0x12 /usr/lib/gcc/avr/4.9.2/avr4/libgcc.a(_subdi3.o)
                0x00000000000019f8                __subdi3
 .text.libgcc   0x0000000000001a0a       0x18 /usr/lib/gcc/avr/4.9.2/avr4/libgcc.a(_cmpdi2_s8.o)
                0x0000000000001a0a                __cmpdi2_s8
 .text.libgcc.mul
                0x0000000000001a22       0x18 /usr/lib/gcc/avr/4.9.2/avr4/libgcc.a(_umulhisi3.o)
                0x0000000000001a22                __umulhisi3
 .text.avr-libc
                0x0000000000001a3a       0x14 /usr/lib/gcc/avr/4.9.2/../../../avr/lib/avr4/libc.a(itoa_ncheck.o)
                0x0000000000001a3a                __itoa_ncheck
 .text.avr-libc
                0x0000000000001a4e       0x1c /usr/lib/gcc/avr/4.9.2/../../../avr/lib/avr4/libc.a(ltoa_ncheck.o)
                0x0000000000001a4e                __ltoa_ncheck
 .text.avr-libc
                0x0000000000001a6a       0x42 /usr/lib/gcc/avr/4.9.2/../../../avr/lib/avr4/libc.a(ultoa_ncheck.o)
                0x0000000000001a6a                __ultoa_ncheck
                0x0000000000001a6c                __ultoa_common
 .text.avr-libc
                0x0000000000001aac       0x32 /usr/lib/gcc/avr/4.9.2/../../../avr/lib/avr4/libc.a(utoa_ncheck.o)
                0x0000000000001aac                __utoa_ncheck
                0x0000000000001aae                __utoa_common
 .text.avr-libc
                0x0000000000001ade       0x20 /usr/lib/gcc/avr/4.9.2/../../../avr/lib/avr4/libc.a(strrev.o)
                0x0000000000001ade                strrev
                0x0000000000001afe                . = ALIGN (0x2)
 *(.fini9)
 .fini9         0x0000000000001afe        0x0 /usr/lib/gcc/avr/4.9.2/avr4/libgcc.a(_exit.o)
                0x0000000000001afe                exit
                0x0000000000001afe                _exit
 *(.fini9)
 *(.fini8)
 *(.fini8)
 *(.fini7)
 *(.fini7)
 *(.fini6)
 *(.fini6)
 *(.fini5)
 *(.fini5)
 *(.fini4)
 *(.fini4)
 *(.fini3)
 *(.fini3)
 *(.fini2)
 *(.fini2)
 *(.fini1)
 *(.fini1)
 *(.fini0)
 .fini0         0x0000000000001afe        0x4 /usr/lib/gcc/avr/4.9.2/avr4/libgcc.a(_exit.o)
 *(.fini0)
                0x0000000000001b02                _etext = .

.data           0x0000000000800060      0x15a load address 0x0000000000001b02
                0x0000000000800060                PROVIDE (__data_start, .)
 *(.data)
 *(.data*)
 *(.rodata)
 .rodata        0x0000000000800060        0x9 CMakeFiles/atmega8.elf.dir/main_functions.c.o
                0x0000000000800060                startStringSensor12
 *(.rodata*)
 .rodata.str1.1
                0x0000000000800069       0xd1 CMakeFiles/atmega8.elf.dir/main.c.o
                                         0xda (size before relaxing)
 .rodata.str1.1
                0x000000000080013a       0xd1 CMakeFiles/atmega8.elf.dir/slUart.c.o
                                          0x3 (size before relaxing)
 .rodata.str1.1
                0x000000000080013a       0x80 CMakeFiles/atmega8.elf.dir/main_functions.c.o
 *(.gnu.linkonce.d*)
                0x000000000080020c                . = ALIGN (0x2)
                0x000000000080020c                _edata = .
                0x000000000080020c                PROVIDE (__data_end, .)

.bss            0x00000000008001ba       0x56
                0x00000000008001ba                PROVIDE (__bss_start, .)
 *(.bss)
 .bss           0x00000000008001ba        0x5 CMakeFiles/atmega8.elf.dir/main.c.o
                0x00000000008001ba                isTimeoutError
                0x00000000008001bc                counter
                0x00000000008001be                errors
 .bss           0x00000000008001bf       0x21 CMakeFiles/atmega8.elf.dir/BME280.c.o
 .bss           0x00000000008001e0        0x3 CMakeFiles/atmega8.elf.dir/slI2C.c.o
                0x00000000008001e0                slI2C_statusFlags
                0x00000000008001e1                I2C_Error
                0x00000000008001e2                slI2C_readByteValue
 *(.bss*)
 *(COMMON)
 COMMON         0x00000000008001e3       0x29 CMakeFiles/atmega8.elf.dir/main.c.o
                0x00000000008001e3                dataFromNRF24L01
                0x00000000008001ec                stage
                0x00000000008001ed                buffer
                0x00000000008001fc                BME180measure
                0x000000000080020b                status
 COMMON         0x000000000080020c        0x4 CMakeFiles/atmega8.elf.dir/BME280.c.o
                0x000000000080020c                t_fine
                0x0000000000800210                PROVIDE (__bss_end, .)
                0x0000000000001b02                __data_load_start = LOADADDR (.data)
                0x0000000000001c5c                __data_load_end = (__data_load_start + SIZEOF (.data))

.noinit         0x0000000000800210        0x0
                0x0000000000800210                PROVIDE (__noinit_start, .)
 *(.noinit*)
                0x0000000000800210                PROVIDE (__noinit_end, .)
                0x0000000000800210                _end = .
                0x0000000000800210                PROVIDE (__heap_start, .)

.eeprom         0x0000000000810000        0x0
 *(.eeprom*)
                0x0000000000810000                __eeprom_end = .

.fuse
 *(.fuse)
 *(.lfuse)
 *(.hfuse)
 *(.efuse)

.lock
 *(.lock*)

.signature
 *(.signature*)

.user_signatures
 *(.user_signatures*)

.stab
 *(.stab)

.stabstr
 *(.stabstr)

.stab.excl
 *(.stab.excl)

.stab.exclstr
 *(.stab.exclstr)

.stab.index
 *(.stab.index)

.stab.indexstr
 *(.stab.indexstr)

.comment        0x0000000000000000       0x11
 *(.comment)
 .comment       0x0000000000000000       0x11 CMakeFiles/atmega8.elf.dir/main.c.o
                                         0x12 (size before relaxing)
 .comment       0x0000000000000011       0x12 CMakeFiles/atmega8.elf.dir/slUart.c.o
 .comment       0x0000000000000011       0x12 CMakeFiles/atmega8.elf.dir/slSPI.c.o
 .comment       0x0000000000000011       0x12 CMakeFiles/atmega8.elf.dir/slNRF24.c.o
 .comment       0x0000000000000011       0x12 CMakeFiles/atmega8.elf.dir/slBME180Measure.c.o
 .comment       0x0000000000000011       0x12 CMakeFiles/atmega8.elf.dir/BME280.c.o
 .comment       0x0000000000000011       0x12 CMakeFiles/atmega8.elf.dir/slI2C.c.o
 .comment       0x0000000000000011       0x12 CMakeFiles/atmega8.elf.dir/slAdc.c.o
 .comment       0x0000000000000011       0x12 CMakeFiles/atmega8.elf.dir/main_functions.c.o

.note.gnu.avr.deviceinfo
                0x0000000000000000       0x3c
 .note.gnu.avr.deviceinfo
                0x0000000000000000       0x3c /usr/lib/gcc/avr/4.9.2/../../../avr/lib/avr4/crtatmega8.o

.note.gnu.build-id
 *(.note.gnu.build-id)

.debug
 *(.debug)

.line
 *(.line)

.debug_srcinfo
 *(.debug_srcinfo)

.debug_sfnames
 *(.debug_sfnames)

.debug_aranges
 *(.debug_aranges)

.debug_pubnames
 *(.debug_pubnames)

.debug_info
 *(.debug_info .gnu.linkonce.wi.*)

.debug_abbrev
 *(.debug_abbrev)

.debug_line
 *(.debug_line .debug_line.* .debug_line_end)

.debug_frame
 *(.debug_frame)

.debug_str
 *(.debug_str)

.debug_loc
 *(.debug_loc)

.debug_macinfo
 *(.debug_macinfo)

.debug_weaknames
 *(.debug_weaknames)

.debug_funcnames
 *(.debug_funcnames)

.debug_typenames
 *(.debug_typenames)

.debug_varnames
 *(.debug_varnames)

.debug_pubtypes
 *(.debug_pubtypes)

.debug_ranges
 *(.debug_ranges)

.debug_macro
 *(.debug_macro)
OUTPUT(../bin/atmega8.elf elf32-avr)
LOAD linker stubs
