Archive member included to satisfy reference by file (symbol)

/usr/lib/gcc/avr/4.9.2/avr4/libgcc.a(_mulsi3.o)
                              CMakeFiles/atmega8.elf.dir/BME280.c.o (__mulsi3)
/usr/lib/gcc/avr/4.9.2/avr4/libgcc.a(_exit.o)
                              /usr/lib/gcc/avr/4.9.2/../../../avr/lib/avr4/crtatmega8.o (exit)
/usr/lib/gcc/avr/4.9.2/avr4/libgcc.a(_copy_data.o)
                              CMakeFiles/atmega8.elf.dir/main.c.o (__do_copy_data)
/usr/lib/gcc/avr/4.9.2/avr4/libgcc.a(_clear_bss.o)
                              CMakeFiles/atmega8.elf.dir/main.c.o (__do_clear_bss)
/usr/lib/gcc/avr/4.9.2/avr4/libgcc.a(_muluhisi3.o)
                              CMakeFiles/atmega8.elf.dir/BME280.c.o (__muluhisi3)
/usr/lib/gcc/avr/4.9.2/avr4/libgcc.a(_mulshisi3.o)
                              CMakeFiles/atmega8.elf.dir/BME280.c.o (__mulshisi3)
/usr/lib/gcc/avr/4.9.2/avr4/libgcc.a(_muldi3.o)
                              CMakeFiles/atmega8.elf.dir/BME280.c.o (__muldi3)
/usr/lib/gcc/avr/4.9.2/avr4/libgcc.a(_muldi3_6.o)
                              /usr/lib/gcc/avr/4.9.2/avr4/libgcc.a(_muldi3.o) (__muldi3_6)
/usr/lib/gcc/avr/4.9.2/avr4/libgcc.a(_divdi3.o)
                              CMakeFiles/atmega8.elf.dir/BME280.c.o (__divdi3)
/usr/lib/gcc/avr/4.9.2/avr4/libgcc.a(_udivdi3.o)
                              /usr/lib/gcc/avr/4.9.2/avr4/libgcc.a(_divdi3.o) (__udivdi3_umoddi3)
/usr/lib/gcc/avr/4.9.2/avr4/libgcc.a(_udivmod64.o)
                              /usr/lib/gcc/avr/4.9.2/avr4/libgcc.a(_divdi3.o) (__udivmod64)
/usr/lib/gcc/avr/4.9.2/avr4/libgcc.a(_negdi2.o)
                              /usr/lib/gcc/avr/4.9.2/avr4/libgcc.a(_divdi3.o) (__negdi2)
/usr/lib/gcc/avr/4.9.2/avr4/libgcc.a(_prologue.o)
                              /usr/lib/gcc/avr/4.9.2/avr4/libgcc.a(_divdi3.o) (__prologue_saves__)
/usr/lib/gcc/avr/4.9.2/avr4/libgcc.a(_epilogue.o)
                              /usr/lib/gcc/avr/4.9.2/avr4/libgcc.a(_divdi3.o) (__epilogue_restores__)
/usr/lib/gcc/avr/4.9.2/avr4/libgcc.a(_ashldi3.o)
                              CMakeFiles/atmega8.elf.dir/BME280.c.o (__ashldi3)
/usr/lib/gcc/avr/4.9.2/avr4/libgcc.a(_ashrdi3.o)
                              CMakeFiles/atmega8.elf.dir/BME280.c.o (__ashrdi3)
/usr/lib/gcc/avr/4.9.2/avr4/libgcc.a(_adddi3.o)
                              CMakeFiles/atmega8.elf.dir/BME280.c.o (__adddi3)
/usr/lib/gcc/avr/4.9.2/avr4/libgcc.a(_subdi3.o)
                              CMakeFiles/atmega8.elf.dir/BME280.c.o (__subdi3)
/usr/lib/gcc/avr/4.9.2/avr4/libgcc.a(_cmpdi2_s8.o)
                              CMakeFiles/atmega8.elf.dir/BME280.c.o (__cmpdi2_s8)
/usr/lib/gcc/avr/4.9.2/avr4/libgcc.a(_umulhisi3.o)
                              /usr/lib/gcc/avr/4.9.2/avr4/libgcc.a(_muluhisi3.o) (__umulhisi3)
/usr/lib/gcc/avr/4.9.2/../../../avr/lib/avr4/libc.a(itoa_ncheck.o)
                              CMakeFiles/atmega8.elf.dir/slUart.c.o (__itoa_ncheck)
/usr/lib/gcc/avr/4.9.2/../../../avr/lib/avr4/libc.a(ltoa_ncheck.o)
                              CMakeFiles/atmega8.elf.dir/slUart.c.o (__ltoa_ncheck)
/usr/lib/gcc/avr/4.9.2/../../../avr/lib/avr4/libc.a(ultoa_ncheck.o)
                              /usr/lib/gcc/avr/4.9.2/../../../avr/lib/avr4/libc.a(ltoa_ncheck.o) (__ultoa_common)
/usr/lib/gcc/avr/4.9.2/../../../avr/lib/avr4/libc.a(utoa_ncheck.o)
                              /usr/lib/gcc/avr/4.9.2/../../../avr/lib/avr4/libc.a(itoa_ncheck.o) (__utoa_common)
/usr/lib/gcc/avr/4.9.2/../../../avr/lib/avr4/libc.a(strrev.o)
                              /usr/lib/gcc/avr/4.9.2/../../../avr/lib/avr4/libc.a(ultoa_ncheck.o) (strrev)

Allocating common symbols
Common symbol       size              file

dataFromNRF24L01    0x11              CMakeFiles/atmega8.elf.dir/main_functions.c.o
voltage             0x23              CMakeFiles/atmega8.elf.dir/main_functions.c.o
light               0x23              CMakeFiles/atmega8.elf.dir/main_functions.c.o
buffer              0x11              CMakeFiles/atmega8.elf.dir/main_functions.c.o
BME180measure       0x11              CMakeFiles/atmega8.elf.dir/main_functions.c.o
t_fine              0x4               CMakeFiles/atmega8.elf.dir/BME280.c.o

Discarded input sections

 .data          0x0000000000000000        0x0 /usr/lib/gcc/avr/4.9.2/../../../avr/lib/avr4/crtatmega8.o
 .bss           0x0000000000000000        0x0 /usr/lib/gcc/avr/4.9.2/../../../avr/lib/avr4/crtatmega8.o
 .text          0x0000000000000000        0x0 CMakeFiles/atmega8.elf.dir/main.c.o
 .data          0x0000000000000000        0x0 CMakeFiles/atmega8.elf.dir/main.c.o
 .text          0x0000000000000000        0x0 CMakeFiles/atmega8.elf.dir/slUart.c.o
 .data          0x0000000000000000        0x0 CMakeFiles/atmega8.elf.dir/slUart.c.o
 .bss           0x0000000000000000        0x0 CMakeFiles/atmega8.elf.dir/slUart.c.o
 .text.slUART_Init
                0x0000000000000000        0xa CMakeFiles/atmega8.elf.dir/slUart.c.o
 .text.slUART_LogDec
                0x0000000000000000       0x36 CMakeFiles/atmega8.elf.dir/slUart.c.o
 .text.slUART_LogDecWithSign
                0x0000000000000000       0x36 CMakeFiles/atmega8.elf.dir/slUart.c.o
 .text.slUART_LogDecNl
                0x0000000000000000        0x8 CMakeFiles/atmega8.elf.dir/slUart.c.o
 .text.slUART_LogHex32WithSign
                0x0000000000000000       0x36 CMakeFiles/atmega8.elf.dir/slUart.c.o
 .text.slUART_LogHex32
                0x0000000000000000       0x36 CMakeFiles/atmega8.elf.dir/slUart.c.o
 .text.slUART_LogHexNl
                0x0000000000000000        0x8 CMakeFiles/atmega8.elf.dir/slUart.c.o
 .text          0x0000000000000000        0x0 CMakeFiles/atmega8.elf.dir/slSPI.c.o
 .data          0x0000000000000000        0x0 CMakeFiles/atmega8.elf.dir/slSPI.c.o
 .bss           0x0000000000000000        0x0 CMakeFiles/atmega8.elf.dir/slSPI.c.o
 .text.slSPI_WriteString
                0x0000000000000000       0x42 CMakeFiles/atmega8.elf.dir/slSPI.c.o
 .text          0x0000000000000000        0x0 CMakeFiles/atmega8.elf.dir/slNRF24.c.o
 .data          0x0000000000000000        0x0 CMakeFiles/atmega8.elf.dir/slNRF24.c.o
 .bss           0x0000000000000000        0x0 CMakeFiles/atmega8.elf.dir/slNRF24.c.o
 .text.slNRF24_SetPayloadSize
                0x0000000000000000       0x2c CMakeFiles/atmega8.elf.dir/slNRF24.c.o
 .text          0x0000000000000000        0x0 CMakeFiles/atmega8.elf.dir/slBME180Measure.c.o
 .data          0x0000000000000000        0x0 CMakeFiles/atmega8.elf.dir/slBME180Measure.c.o
 .bss           0x0000000000000000        0x0 CMakeFiles/atmega8.elf.dir/slBME180Measure.c.o
 .text.fillBuferFromMEASURE
                0x0000000000000000       0x18 CMakeFiles/atmega8.elf.dir/slBME180Measure.c.o
 .text.returnMEASUREFromBuffer
                0x0000000000000000       0x4c CMakeFiles/atmega8.elf.dir/slBME180Measure.c.o
 .comment       0x0000000000000000       0x12 CMakeFiles/atmega8.elf.dir/slBME180Measure.c.o
 .text          0x0000000000000000        0x0 CMakeFiles/atmega8.elf.dir/BME280.c.o
 .data          0x0000000000000000        0x0 CMakeFiles/atmega8.elf.dir/BME280.c.o
 .bss           0x0000000000000000       0x21 CMakeFiles/atmega8.elf.dir/BME280.c.o
 .text.I2C_WriteData
                0x0000000000000000       0x64 CMakeFiles/atmega8.elf.dir/BME280.c.o
 .text.I2C_ReadData
                0x0000000000000000       0xac CMakeFiles/atmega8.elf.dir/BME280.c.o
 .text.BME280_getCalibrationData
                0x0000000000000000      0x204 CMakeFiles/atmega8.elf.dir/BME280.c.o
 .text.BME280_Init
                0x0000000000000000       0xcc CMakeFiles/atmega8.elf.dir/BME280.c.o
 .text.BME280_CompensateT
                0x0000000000000000       0xfe CMakeFiles/atmega8.elf.dir/BME280.c.o
 .text.BME280_CompensateP
                0x0000000000000000      0x408 CMakeFiles/atmega8.elf.dir/BME280.c.o
 .text.BME280_CompensateH
                0x0000000000000000      0x1c6 CMakeFiles/atmega8.elf.dir/BME280.c.o
 .text.BME280_ReadAll
                0x0000000000000000      0x158 CMakeFiles/atmega8.elf.dir/BME280.c.o
 .text.BME280_SetMode
                0x0000000000000000       0x4a CMakeFiles/atmega8.elf.dir/BME280.c.o
 .comment       0x0000000000000000       0x12 CMakeFiles/atmega8.elf.dir/BME280.c.o
 COMMON         0x0000000000000000        0x4 CMakeFiles/atmega8.elf.dir/BME280.c.o
 .text          0x0000000000000000        0x0 CMakeFiles/atmega8.elf.dir/slI2C.c.o
 .data          0x0000000000000000        0x0 CMakeFiles/atmega8.elf.dir/slI2C.c.o
 .bss           0x0000000000000000        0x3 CMakeFiles/atmega8.elf.dir/slI2C.c.o
 .text.slI2C_WaitForComplete
                0x0000000000000000        0x8 CMakeFiles/atmega8.elf.dir/slI2C.c.o
 .text.slI2C_returnReadValue
                0x0000000000000000        0x6 CMakeFiles/atmega8.elf.dir/slI2C.c.o
 .text.slI2C_SetSLA
                0x0000000000000000       0x3a CMakeFiles/atmega8.elf.dir/slI2C.c.o
 .text.slI2C_Init
                0x0000000000000000       0x14 CMakeFiles/atmega8.elf.dir/slI2C.c.o
 .text.slI2C_Start
                0x0000000000000000       0x26 CMakeFiles/atmega8.elf.dir/slI2C.c.o
 .text.slI2C_Stop
                0x0000000000000000       0x14 CMakeFiles/atmega8.elf.dir/slI2C.c.o
 .text.slI2C_WriteByte
                0x0000000000000000       0x3a CMakeFiles/atmega8.elf.dir/slI2C.c.o
 .text.slI2C_ReadByte_NACK
                0x0000000000000000       0x24 CMakeFiles/atmega8.elf.dir/slI2C.c.o
 .text.slI2C_ReadByte_ACK
                0x0000000000000000       0x24 CMakeFiles/atmega8.elf.dir/slI2C.c.o
 .comment       0x0000000000000000       0x12 CMakeFiles/atmega8.elf.dir/slI2C.c.o
 .text          0x0000000000000000        0x0 CMakeFiles/atmega8.elf.dir/slAdc.c.o
 .data          0x0000000000000000        0x0 CMakeFiles/atmega8.elf.dir/slAdc.c.o
 .bss           0x0000000000000000        0x0 CMakeFiles/atmega8.elf.dir/slAdc.c.o
 .text.slADC_init
                0x0000000000000000       0x10 CMakeFiles/atmega8.elf.dir/slAdc.c.o
 .text.slADC_measure
                0x0000000000000000       0x18 CMakeFiles/atmega8.elf.dir/slAdc.c.o
 .text.slADC_initializeData
                0x0000000000000000       0x1e CMakeFiles/atmega8.elf.dir/slAdc.c.o
 .text.slADC_calculateVol
                0x0000000000000000       0x40 CMakeFiles/atmega8.elf.dir/slAdc.c.o
 .comment       0x0000000000000000       0x12 CMakeFiles/atmega8.elf.dir/slAdc.c.o
 .text          0x0000000000000000        0x0 CMakeFiles/atmega8.elf.dir/main_functions.c.o
 .data          0x0000000000000000       0x12 CMakeFiles/atmega8.elf.dir/main_functions.c.o
 .text.setupResetPin
                0x0000000000000000        0x6 CMakeFiles/atmega8.elf.dir/main_functions.c.o
 .text.restart  0x0000000000000000        0xa CMakeFiles/atmega8.elf.dir/main_functions.c.o
 .text.setBME280Mode
                0x0000000000000000       0x12 CMakeFiles/atmega8.elf.dir/main_functions.c.o
 .text.getDataFromBME280
                0x0000000000000000       0x94 CMakeFiles/atmega8.elf.dir/main_functions.c.o
 .text.getDataFromFotorezistor
                0x0000000000000000       0x26 CMakeFiles/atmega8.elf.dir/main_functions.c.o
 .text.getDataFromADC
                0x0000000000000000       0x26 CMakeFiles/atmega8.elf.dir/main_functions.c.o
 .text.initAll  0x0000000000000000        0xa CMakeFiles/atmega8.elf.dir/main_functions.c.o
 .text.isStringMatch
                0x0000000000000000       0x38 CMakeFiles/atmega8.elf.dir/main_functions.c.o
 .text.isStartStringMatch
                0x0000000000000000       0x28 CMakeFiles/atmega8.elf.dir/main_functions.c.o
 .text.prepeareBuffer
                0x0000000000000000        0xa CMakeFiles/atmega8.elf.dir/main_functions.c.o
 .text          0x0000000000000000        0x0 /usr/lib/gcc/avr/4.9.2/avr4/libgcc.a(_mulsi3.o)
 .data          0x0000000000000000        0x0 /usr/lib/gcc/avr/4.9.2/avr4/libgcc.a(_mulsi3.o)
 .bss           0x0000000000000000        0x0 /usr/lib/gcc/avr/4.9.2/avr4/libgcc.a(_mulsi3.o)
 .text.libgcc.mul
                0x0000000000000000       0x1e /usr/lib/gcc/avr/4.9.2/avr4/libgcc.a(_mulsi3.o)
 .text.libgcc.div
                0x0000000000000000        0x0 /usr/lib/gcc/avr/4.9.2/avr4/libgcc.a(_mulsi3.o)
 .text.libgcc   0x0000000000000000        0x0 /usr/lib/gcc/avr/4.9.2/avr4/libgcc.a(_mulsi3.o)
 .text.libgcc.prologue
                0x0000000000000000        0x0 /usr/lib/gcc/avr/4.9.2/avr4/libgcc.a(_mulsi3.o)
 .text.libgcc.builtins
                0x0000000000000000        0x0 /usr/lib/gcc/avr/4.9.2/avr4/libgcc.a(_mulsi3.o)
 .text.libgcc.fmul
                0x0000000000000000        0x0 /usr/lib/gcc/avr/4.9.2/avr4/libgcc.a(_mulsi3.o)
 .text.libgcc.fixed
                0x0000000000000000        0x0 /usr/lib/gcc/avr/4.9.2/avr4/libgcc.a(_mulsi3.o)
 .text          0x0000000000000000        0x0 /usr/lib/gcc/avr/4.9.2/avr4/libgcc.a(_exit.o)
 .data          0x0000000000000000        0x0 /usr/lib/gcc/avr/4.9.2/avr4/libgcc.a(_exit.o)
 .bss           0x0000000000000000        0x0 /usr/lib/gcc/avr/4.9.2/avr4/libgcc.a(_exit.o)
 .text.libgcc.mul
                0x0000000000000000        0x0 /usr/lib/gcc/avr/4.9.2/avr4/libgcc.a(_exit.o)
 .text.libgcc.div
                0x0000000000000000        0x0 /usr/lib/gcc/avr/4.9.2/avr4/libgcc.a(_exit.o)
 .text.libgcc   0x0000000000000000        0x0 /usr/lib/gcc/avr/4.9.2/avr4/libgcc.a(_exit.o)
 .text.libgcc.prologue
                0x0000000000000000        0x0 /usr/lib/gcc/avr/4.9.2/avr4/libgcc.a(_exit.o)
 .text.libgcc.builtins
                0x0000000000000000        0x0 /usr/lib/gcc/avr/4.9.2/avr4/libgcc.a(_exit.o)
 .text.libgcc.fmul
                0x0000000000000000        0x0 /usr/lib/gcc/avr/4.9.2/avr4/libgcc.a(_exit.o)
 .text.libgcc.fixed
                0x0000000000000000        0x0 /usr/lib/gcc/avr/4.9.2/avr4/libgcc.a(_exit.o)
 .text          0x0000000000000000        0x0 /usr/lib/gcc/avr/4.9.2/avr4/libgcc.a(_copy_data.o)
 .data          0x0000000000000000        0x0 /usr/lib/gcc/avr/4.9.2/avr4/libgcc.a(_copy_data.o)
 .bss           0x0000000000000000        0x0 /usr/lib/gcc/avr/4.9.2/avr4/libgcc.a(_copy_data.o)
 .text.libgcc.mul
                0x0000000000000000        0x0 /usr/lib/gcc/avr/4.9.2/avr4/libgcc.a(_copy_data.o)
 .text.libgcc.div
                0x0000000000000000        0x0 /usr/lib/gcc/avr/4.9.2/avr4/libgcc.a(_copy_data.o)
 .text.libgcc   0x0000000000000000        0x0 /usr/lib/gcc/avr/4.9.2/avr4/libgcc.a(_copy_data.o)
 .text.libgcc.prologue
                0x0000000000000000        0x0 /usr/lib/gcc/avr/4.9.2/avr4/libgcc.a(_copy_data.o)
 .text.libgcc.builtins
                0x0000000000000000        0x0 /usr/lib/gcc/avr/4.9.2/avr4/libgcc.a(_copy_data.o)
 .text.libgcc.fmul
                0x0000000000000000        0x0 /usr/lib/gcc/avr/4.9.2/avr4/libgcc.a(_copy_data.o)
 .text.libgcc.fixed
                0x0000000000000000        0x0 /usr/lib/gcc/avr/4.9.2/avr4/libgcc.a(_copy_data.o)
 .text          0x0000000000000000        0x0 /usr/lib/gcc/avr/4.9.2/avr4/libgcc.a(_clear_bss.o)
 .data          0x0000000000000000        0x0 /usr/lib/gcc/avr/4.9.2/avr4/libgcc.a(_clear_bss.o)
 .bss           0x0000000000000000        0x0 /usr/lib/gcc/avr/4.9.2/avr4/libgcc.a(_clear_bss.o)
 .text.libgcc.mul
                0x0000000000000000        0x0 /usr/lib/gcc/avr/4.9.2/avr4/libgcc.a(_clear_bss.o)
 .text.libgcc.div
                0x0000000000000000        0x0 /usr/lib/gcc/avr/4.9.2/avr4/libgcc.a(_clear_bss.o)
 .text.libgcc   0x0000000000000000        0x0 /usr/lib/gcc/avr/4.9.2/avr4/libgcc.a(_clear_bss.o)
 .text.libgcc.prologue
                0x0000000000000000        0x0 /usr/lib/gcc/avr/4.9.2/avr4/libgcc.a(_clear_bss.o)
 .text.libgcc.builtins
                0x0000000000000000        0x0 /usr/lib/gcc/avr/4.9.2/avr4/libgcc.a(_clear_bss.o)
 .text.libgcc.fmul
                0x0000000000000000        0x0 /usr/lib/gcc/avr/4.9.2/avr4/libgcc.a(_clear_bss.o)
 .text.libgcc.fixed
                0x0000000000000000        0x0 /usr/lib/gcc/avr/4.9.2/avr4/libgcc.a(_clear_bss.o)
 .text          0x0000000000000000        0x0 /usr/lib/gcc/avr/4.9.2/avr4/libgcc.a(_muluhisi3.o)
 .data          0x0000000000000000        0x0 /usr/lib/gcc/avr/4.9.2/avr4/libgcc.a(_muluhisi3.o)
 .bss           0x0000000000000000        0x0 /usr/lib/gcc/avr/4.9.2/avr4/libgcc.a(_muluhisi3.o)
 .text.libgcc.mul
                0x0000000000000000       0x14 /usr/lib/gcc/avr/4.9.2/avr4/libgcc.a(_muluhisi3.o)
 .text.libgcc.div
                0x0000000000000000        0x0 /usr/lib/gcc/avr/4.9.2/avr4/libgcc.a(_muluhisi3.o)
 .text.libgcc   0x0000000000000000        0x0 /usr/lib/gcc/avr/4.9.2/avr4/libgcc.a(_muluhisi3.o)
 .text.libgcc.prologue
                0x0000000000000000        0x0 /usr/lib/gcc/avr/4.9.2/avr4/libgcc.a(_muluhisi3.o)
 .text.libgcc.builtins
                0x0000000000000000        0x0 /usr/lib/gcc/avr/4.9.2/avr4/libgcc.a(_muluhisi3.o)
 .text.libgcc.fmul
                0x0000000000000000        0x0 /usr/lib/gcc/avr/4.9.2/avr4/libgcc.a(_muluhisi3.o)
 .text.libgcc.fixed
                0x0000000000000000        0x0 /usr/lib/gcc/avr/4.9.2/avr4/libgcc.a(_muluhisi3.o)
 .text          0x0000000000000000        0x0 /usr/lib/gcc/avr/4.9.2/avr4/libgcc.a(_mulshisi3.o)
 .data          0x0000000000000000        0x0 /usr/lib/gcc/avr/4.9.2/avr4/libgcc.a(_mulshisi3.o)
 .bss           0x0000000000000000        0x0 /usr/lib/gcc/avr/4.9.2/avr4/libgcc.a(_mulshisi3.o)
 .text.libgcc.mul
                0x0000000000000000        0xc /usr/lib/gcc/avr/4.9.2/avr4/libgcc.a(_mulshisi3.o)
 .text.libgcc.div
                0x0000000000000000        0x0 /usr/lib/gcc/avr/4.9.2/avr4/libgcc.a(_mulshisi3.o)
 .text.libgcc   0x0000000000000000        0x0 /usr/lib/gcc/avr/4.9.2/avr4/libgcc.a(_mulshisi3.o)
 .text.libgcc.prologue
                0x0000000000000000        0x0 /usr/lib/gcc/avr/4.9.2/avr4/libgcc.a(_mulshisi3.o)
 .text.libgcc.builtins
                0x0000000000000000        0x0 /usr/lib/gcc/avr/4.9.2/avr4/libgcc.a(_mulshisi3.o)
 .text.libgcc.fmul
                0x0000000000000000        0x0 /usr/lib/gcc/avr/4.9.2/avr4/libgcc.a(_mulshisi3.o)
 .text.libgcc.fixed
                0x0000000000000000        0x0 /usr/lib/gcc/avr/4.9.2/avr4/libgcc.a(_mulshisi3.o)
 .text          0x0000000000000000        0x0 /usr/lib/gcc/avr/4.9.2/avr4/libgcc.a(_muldi3.o)
 .data          0x0000000000000000        0x0 /usr/lib/gcc/avr/4.9.2/avr4/libgcc.a(_muldi3.o)
 .bss           0x0000000000000000        0x0 /usr/lib/gcc/avr/4.9.2/avr4/libgcc.a(_muldi3.o)
 .text.libgcc.mul
                0x0000000000000000       0x92 /usr/lib/gcc/avr/4.9.2/avr4/libgcc.a(_muldi3.o)
 .text.libgcc.div
                0x0000000000000000        0x0 /usr/lib/gcc/avr/4.9.2/avr4/libgcc.a(_muldi3.o)
 .text.libgcc   0x0000000000000000        0x0 /usr/lib/gcc/avr/4.9.2/avr4/libgcc.a(_muldi3.o)
 .text.libgcc.prologue
                0x0000000000000000        0x0 /usr/lib/gcc/avr/4.9.2/avr4/libgcc.a(_muldi3.o)
 .text.libgcc.builtins
                0x0000000000000000        0x0 /usr/lib/gcc/avr/4.9.2/avr4/libgcc.a(_muldi3.o)
 .text.libgcc.fmul
                0x0000000000000000        0x0 /usr/lib/gcc/avr/4.9.2/avr4/libgcc.a(_muldi3.o)
 .text.libgcc.fixed
                0x0000000000000000        0x0 /usr/lib/gcc/avr/4.9.2/avr4/libgcc.a(_muldi3.o)
 .text          0x0000000000000000        0x0 /usr/lib/gcc/avr/4.9.2/avr4/libgcc.a(_muldi3_6.o)
 .data          0x0000000000000000        0x0 /usr/lib/gcc/avr/4.9.2/avr4/libgcc.a(_muldi3_6.o)
 .bss           0x0000000000000000        0x0 /usr/lib/gcc/avr/4.9.2/avr4/libgcc.a(_muldi3_6.o)
 .text.libgcc.mul
                0x0000000000000000       0x10 /usr/lib/gcc/avr/4.9.2/avr4/libgcc.a(_muldi3_6.o)
 .text.libgcc.div
                0x0000000000000000        0x0 /usr/lib/gcc/avr/4.9.2/avr4/libgcc.a(_muldi3_6.o)
 .text.libgcc   0x0000000000000000        0x0 /usr/lib/gcc/avr/4.9.2/avr4/libgcc.a(_muldi3_6.o)
 .text.libgcc.prologue
                0x0000000000000000        0x0 /usr/lib/gcc/avr/4.9.2/avr4/libgcc.a(_muldi3_6.o)
 .text.libgcc.builtins
                0x0000000000000000        0x0 /usr/lib/gcc/avr/4.9.2/avr4/libgcc.a(_muldi3_6.o)
 .text.libgcc.fmul
                0x0000000000000000        0x0 /usr/lib/gcc/avr/4.9.2/avr4/libgcc.a(_muldi3_6.o)
 .text.libgcc.fixed
                0x0000000000000000        0x0 /usr/lib/gcc/avr/4.9.2/avr4/libgcc.a(_muldi3_6.o)
 .text          0x0000000000000000        0x0 /usr/lib/gcc/avr/4.9.2/avr4/libgcc.a(_divdi3.o)
 .data          0x0000000000000000        0x0 /usr/lib/gcc/avr/4.9.2/avr4/libgcc.a(_divdi3.o)
 .bss           0x0000000000000000        0x0 /usr/lib/gcc/avr/4.9.2/avr4/libgcc.a(_divdi3.o)
 .text.libgcc.mul
                0x0000000000000000        0x0 /usr/lib/gcc/avr/4.9.2/avr4/libgcc.a(_divdi3.o)
 .text.libgcc.div
                0x0000000000000000       0x56 /usr/lib/gcc/avr/4.9.2/avr4/libgcc.a(_divdi3.o)
 .text.libgcc   0x0000000000000000        0x0 /usr/lib/gcc/avr/4.9.2/avr4/libgcc.a(_divdi3.o)
 .text.libgcc.prologue
                0x0000000000000000        0x0 /usr/lib/gcc/avr/4.9.2/avr4/libgcc.a(_divdi3.o)
 .text.libgcc.builtins
                0x0000000000000000        0x0 /usr/lib/gcc/avr/4.9.2/avr4/libgcc.a(_divdi3.o)
 .text.libgcc.fmul
                0x0000000000000000        0x0 /usr/lib/gcc/avr/4.9.2/avr4/libgcc.a(_divdi3.o)
 .text.libgcc.fixed
                0x0000000000000000        0x0 /usr/lib/gcc/avr/4.9.2/avr4/libgcc.a(_divdi3.o)
 .text          0x0000000000000000        0x0 /usr/lib/gcc/avr/4.9.2/avr4/libgcc.a(_udivdi3.o)
 .data          0x0000000000000000        0x0 /usr/lib/gcc/avr/4.9.2/avr4/libgcc.a(_udivdi3.o)
 .bss           0x0000000000000000        0x0 /usr/lib/gcc/avr/4.9.2/avr4/libgcc.a(_udivdi3.o)
 .text.libgcc.mul
                0x0000000000000000        0x0 /usr/lib/gcc/avr/4.9.2/avr4/libgcc.a(_udivdi3.o)
 .text.libgcc.div
                0x0000000000000000       0x1a /usr/lib/gcc/avr/4.9.2/avr4/libgcc.a(_udivdi3.o)
 .text.libgcc   0x0000000000000000        0x0 /usr/lib/gcc/avr/4.9.2/avr4/libgcc.a(_udivdi3.o)
 .text.libgcc.prologue
                0x0000000000000000        0x0 /usr/lib/gcc/avr/4.9.2/avr4/libgcc.a(_udivdi3.o)
 .text.libgcc.builtins
                0x0000000000000000        0x0 /usr/lib/gcc/avr/4.9.2/avr4/libgcc.a(_udivdi3.o)
 .text.libgcc.fmul
                0x0000000000000000        0x0 /usr/lib/gcc/avr/4.9.2/avr4/libgcc.a(_udivdi3.o)
 .text.libgcc.fixed
                0x0000000000000000        0x0 /usr/lib/gcc/avr/4.9.2/avr4/libgcc.a(_udivdi3.o)
 .text          0x0000000000000000        0x0 /usr/lib/gcc/avr/4.9.2/avr4/libgcc.a(_udivmod64.o)
 .data          0x0000000000000000        0x0 /usr/lib/gcc/avr/4.9.2/avr4/libgcc.a(_udivmod64.o)
 .bss           0x0000000000000000        0x0 /usr/lib/gcc/avr/4.9.2/avr4/libgcc.a(_udivmod64.o)
 .text.libgcc.mul
                0x0000000000000000        0x0 /usr/lib/gcc/avr/4.9.2/avr4/libgcc.a(_udivmod64.o)
 .text.libgcc.div
                0x0000000000000000       0x7e /usr/lib/gcc/avr/4.9.2/avr4/libgcc.a(_udivmod64.o)
 .text.libgcc   0x0000000000000000        0x0 /usr/lib/gcc/avr/4.9.2/avr4/libgcc.a(_udivmod64.o)
 .text.libgcc.prologue
                0x0000000000000000        0x0 /usr/lib/gcc/avr/4.9.2/avr4/libgcc.a(_udivmod64.o)
 .text.libgcc.builtins
                0x0000000000000000        0x0 /usr/lib/gcc/avr/4.9.2/avr4/libgcc.a(_udivmod64.o)
 .text.libgcc.fmul
                0x0000000000000000        0x0 /usr/lib/gcc/avr/4.9.2/avr4/libgcc.a(_udivmod64.o)
 .text.libgcc.fixed
                0x0000000000000000        0x0 /usr/lib/gcc/avr/4.9.2/avr4/libgcc.a(_udivmod64.o)
 .text          0x0000000000000000        0x0 /usr/lib/gcc/avr/4.9.2/avr4/libgcc.a(_negdi2.o)
 .data          0x0000000000000000        0x0 /usr/lib/gcc/avr/4.9.2/avr4/libgcc.a(_negdi2.o)
 .bss           0x0000000000000000        0x0 /usr/lib/gcc/avr/4.9.2/avr4/libgcc.a(_negdi2.o)
 .text.libgcc.mul
                0x0000000000000000        0x0 /usr/lib/gcc/avr/4.9.2/avr4/libgcc.a(_negdi2.o)
 .text.libgcc.div
                0x0000000000000000        0x0 /usr/lib/gcc/avr/4.9.2/avr4/libgcc.a(_negdi2.o)
 .text.libgcc   0x0000000000000000       0x20 /usr/lib/gcc/avr/4.9.2/avr4/libgcc.a(_negdi2.o)
 .text.libgcc.prologue
                0x0000000000000000        0x0 /usr/lib/gcc/avr/4.9.2/avr4/libgcc.a(_negdi2.o)
 .text.libgcc.builtins
                0x0000000000000000        0x0 /usr/lib/gcc/avr/4.9.2/avr4/libgcc.a(_negdi2.o)
 .text.libgcc.fmul
                0x0000000000000000        0x0 /usr/lib/gcc/avr/4.9.2/avr4/libgcc.a(_negdi2.o)
 .text.libgcc.fixed
                0x0000000000000000        0x0 /usr/lib/gcc/avr/4.9.2/avr4/libgcc.a(_negdi2.o)
 .text          0x0000000000000000        0x0 /usr/lib/gcc/avr/4.9.2/avr4/libgcc.a(_prologue.o)
 .data          0x0000000000000000        0x0 /usr/lib/gcc/avr/4.9.2/avr4/libgcc.a(_prologue.o)
 .bss           0x0000000000000000        0x0 /usr/lib/gcc/avr/4.9.2/avr4/libgcc.a(_prologue.o)
 .text.libgcc.mul
                0x0000000000000000        0x0 /usr/lib/gcc/avr/4.9.2/avr4/libgcc.a(_prologue.o)
 .text.libgcc.div
                0x0000000000000000        0x0 /usr/lib/gcc/avr/4.9.2/avr4/libgcc.a(_prologue.o)
 .text.libgcc   0x0000000000000000        0x0 /usr/lib/gcc/avr/4.9.2/avr4/libgcc.a(_prologue.o)
 .text.libgcc.prologue
                0x0000000000000000       0x38 /usr/lib/gcc/avr/4.9.2/avr4/libgcc.a(_prologue.o)
 .text.libgcc.builtins
                0x0000000000000000        0x0 /usr/lib/gcc/avr/4.9.2/avr4/libgcc.a(_prologue.o)
 .text.libgcc.fmul
                0x0000000000000000        0x0 /usr/lib/gcc/avr/4.9.2/avr4/libgcc.a(_prologue.o)
 .text.libgcc.fixed
                0x0000000000000000        0x0 /usr/lib/gcc/avr/4.9.2/avr4/libgcc.a(_prologue.o)
 .text          0x0000000000000000        0x0 /usr/lib/gcc/avr/4.9.2/avr4/libgcc.a(_epilogue.o)
 .data          0x0000000000000000        0x0 /usr/lib/gcc/avr/4.9.2/avr4/libgcc.a(_epilogue.o)
 .bss           0x0000000000000000        0x0 /usr/lib/gcc/avr/4.9.2/avr4/libgcc.a(_epilogue.o)
 .text.libgcc.mul
                0x0000000000000000        0x0 /usr/lib/gcc/avr/4.9.2/avr4/libgcc.a(_epilogue.o)
 .text.libgcc.div
                0x0000000000000000        0x0 /usr/lib/gcc/avr/4.9.2/avr4/libgcc.a(_epilogue.o)
 .text.libgcc   0x0000000000000000        0x0 /usr/lib/gcc/avr/4.9.2/avr4/libgcc.a(_epilogue.o)
 .text.libgcc.prologue
                0x0000000000000000       0x36 /usr/lib/gcc/avr/4.9.2/avr4/libgcc.a(_epilogue.o)
 .text.libgcc.builtins
                0x0000000000000000        0x0 /usr/lib/gcc/avr/4.9.2/avr4/libgcc.a(_epilogue.o)
 .text.libgcc.fmul
                0x0000000000000000        0x0 /usr/lib/gcc/avr/4.9.2/avr4/libgcc.a(_epilogue.o)
 .text.libgcc.fixed
                0x0000000000000000        0x0 /usr/lib/gcc/avr/4.9.2/avr4/libgcc.a(_epilogue.o)
 .text          0x0000000000000000        0x0 /usr/lib/gcc/avr/4.9.2/avr4/libgcc.a(_ashldi3.o)
 .data          0x0000000000000000        0x0 /usr/lib/gcc/avr/4.9.2/avr4/libgcc.a(_ashldi3.o)
 .bss           0x0000000000000000        0x0 /usr/lib/gcc/avr/4.9.2/avr4/libgcc.a(_ashldi3.o)
 .text.libgcc.mul
                0x0000000000000000        0x0 /usr/lib/gcc/avr/4.9.2/avr4/libgcc.a(_ashldi3.o)
 .text.libgcc.div
                0x0000000000000000        0x0 /usr/lib/gcc/avr/4.9.2/avr4/libgcc.a(_ashldi3.o)
 .text.libgcc   0x0000000000000000        0x0 /usr/lib/gcc/avr/4.9.2/avr4/libgcc.a(_ashldi3.o)
 .text.libgcc.prologue
                0x0000000000000000        0x0 /usr/lib/gcc/avr/4.9.2/avr4/libgcc.a(_ashldi3.o)
 .text.libgcc.builtins
                0x0000000000000000       0x32 /usr/lib/gcc/avr/4.9.2/avr4/libgcc.a(_ashldi3.o)
 .text.libgcc.fmul
                0x0000000000000000        0x0 /usr/lib/gcc/avr/4.9.2/avr4/libgcc.a(_ashldi3.o)
 .text.libgcc.fixed
                0x0000000000000000        0x0 /usr/lib/gcc/avr/4.9.2/avr4/libgcc.a(_ashldi3.o)
 .text          0x0000000000000000        0x0 /usr/lib/gcc/avr/4.9.2/avr4/libgcc.a(_ashrdi3.o)
 .data          0x0000000000000000        0x0 /usr/lib/gcc/avr/4.9.2/avr4/libgcc.a(_ashrdi3.o)
 .bss           0x0000000000000000        0x0 /usr/lib/gcc/avr/4.9.2/avr4/libgcc.a(_ashrdi3.o)
 .text.libgcc.mul
                0x0000000000000000        0x0 /usr/lib/gcc/avr/4.9.2/avr4/libgcc.a(_ashrdi3.o)
 .text.libgcc.div
                0x0000000000000000        0x0 /usr/lib/gcc/avr/4.9.2/avr4/libgcc.a(_ashrdi3.o)
 .text.libgcc   0x0000000000000000        0x0 /usr/lib/gcc/avr/4.9.2/avr4/libgcc.a(_ashrdi3.o)
 .text.libgcc.prologue
                0x0000000000000000        0x0 /usr/lib/gcc/avr/4.9.2/avr4/libgcc.a(_ashrdi3.o)
 .text.libgcc.builtins
                0x0000000000000000       0x3c /usr/lib/gcc/avr/4.9.2/avr4/libgcc.a(_ashrdi3.o)
 .text.libgcc.fmul
                0x0000000000000000        0x0 /usr/lib/gcc/avr/4.9.2/avr4/libgcc.a(_ashrdi3.o)
 .text.libgcc.fixed
                0x0000000000000000        0x0 /usr/lib/gcc/avr/4.9.2/avr4/libgcc.a(_ashrdi3.o)
 .text          0x0000000000000000        0x0 /usr/lib/gcc/avr/4.9.2/avr4/libgcc.a(_adddi3.o)
 .data          0x0000000000000000        0x0 /usr/lib/gcc/avr/4.9.2/avr4/libgcc.a(_adddi3.o)
 .bss           0x0000000000000000        0x0 /usr/lib/gcc/avr/4.9.2/avr4/libgcc.a(_adddi3.o)
 .text.libgcc.mul
                0x0000000000000000        0x0 /usr/lib/gcc/avr/4.9.2/avr4/libgcc.a(_adddi3.o)
 .text.libgcc.div
                0x0000000000000000        0x0 /usr/lib/gcc/avr/4.9.2/avr4/libgcc.a(_adddi3.o)
 .text.libgcc   0x0000000000000000       0x12 /usr/lib/gcc/avr/4.9.2/avr4/libgcc.a(_adddi3.o)
 .text.libgcc.prologue
                0x0000000000000000        0x0 /usr/lib/gcc/avr/4.9.2/avr4/libgcc.a(_adddi3.o)
 .text.libgcc.builtins
                0x0000000000000000        0x0 /usr/lib/gcc/avr/4.9.2/avr4/libgcc.a(_adddi3.o)
 .text.libgcc.fmul
                0x0000000000000000        0x0 /usr/lib/gcc/avr/4.9.2/avr4/libgcc.a(_adddi3.o)
 .text.libgcc.fixed
                0x0000000000000000        0x0 /usr/lib/gcc/avr/4.9.2/avr4/libgcc.a(_adddi3.o)
 .text          0x0000000000000000        0x0 /usr/lib/gcc/avr/4.9.2/avr4/libgcc.a(_subdi3.o)
 .data          0x0000000000000000        0x0 /usr/lib/gcc/avr/4.9.2/avr4/libgcc.a(_subdi3.o)
 .bss           0x0000000000000000        0x0 /usr/lib/gcc/avr/4.9.2/avr4/libgcc.a(_subdi3.o)
 .text.libgcc.mul
                0x0000000000000000        0x0 /usr/lib/gcc/avr/4.9.2/avr4/libgcc.a(_subdi3.o)
 .text.libgcc.div
                0x0000000000000000        0x0 /usr/lib/gcc/avr/4.9.2/avr4/libgcc.a(_subdi3.o)
 .text.libgcc   0x0000000000000000       0x12 /usr/lib/gcc/avr/4.9.2/avr4/libgcc.a(_subdi3.o)
 .text.libgcc.prologue
                0x0000000000000000        0x0 /usr/lib/gcc/avr/4.9.2/avr4/libgcc.a(_subdi3.o)
 .text.libgcc.builtins
                0x0000000000000000        0x0 /usr/lib/gcc/avr/4.9.2/avr4/libgcc.a(_subdi3.o)
 .text.libgcc.fmul
                0x0000000000000000        0x0 /usr/lib/gcc/avr/4.9.2/avr4/libgcc.a(_subdi3.o)
 .text.libgcc.fixed
                0x0000000000000000        0x0 /usr/lib/gcc/avr/4.9.2/avr4/libgcc.a(_subdi3.o)
 .text          0x0000000000000000        0x0 /usr/lib/gcc/avr/4.9.2/avr4/libgcc.a(_cmpdi2_s8.o)
 .data          0x0000000000000000        0x0 /usr/lib/gcc/avr/4.9.2/avr4/libgcc.a(_cmpdi2_s8.o)
 .bss           0x0000000000000000        0x0 /usr/lib/gcc/avr/4.9.2/avr4/libgcc.a(_cmpdi2_s8.o)
 .text.libgcc.mul
                0x0000000000000000        0x0 /usr/lib/gcc/avr/4.9.2/avr4/libgcc.a(_cmpdi2_s8.o)
 .text.libgcc.div
                0x0000000000000000        0x0 /usr/lib/gcc/avr/4.9.2/avr4/libgcc.a(_cmpdi2_s8.o)
 .text.libgcc   0x0000000000000000       0x18 /usr/lib/gcc/avr/4.9.2/avr4/libgcc.a(_cmpdi2_s8.o)
 .text.libgcc.prologue
                0x0000000000000000        0x0 /usr/lib/gcc/avr/4.9.2/avr4/libgcc.a(_cmpdi2_s8.o)
 .text.libgcc.builtins
                0x0000000000000000        0x0 /usr/lib/gcc/avr/4.9.2/avr4/libgcc.a(_cmpdi2_s8.o)
 .text.libgcc.fmul
                0x0000000000000000        0x0 /usr/lib/gcc/avr/4.9.2/avr4/libgcc.a(_cmpdi2_s8.o)
 .text.libgcc.fixed
                0x0000000000000000        0x0 /usr/lib/gcc/avr/4.9.2/avr4/libgcc.a(_cmpdi2_s8.o)
 .text          0x0000000000000000        0x0 /usr/lib/gcc/avr/4.9.2/avr4/libgcc.a(_umulhisi3.o)
 .data          0x0000000000000000        0x0 /usr/lib/gcc/avr/4.9.2/avr4/libgcc.a(_umulhisi3.o)
 .bss           0x0000000000000000        0x0 /usr/lib/gcc/avr/4.9.2/avr4/libgcc.a(_umulhisi3.o)
 .text.libgcc.mul
                0x0000000000000000       0x18 /usr/lib/gcc/avr/4.9.2/avr4/libgcc.a(_umulhisi3.o)
 .text.libgcc.div
                0x0000000000000000        0x0 /usr/lib/gcc/avr/4.9.2/avr4/libgcc.a(_umulhisi3.o)
 .text.libgcc   0x0000000000000000        0x0 /usr/lib/gcc/avr/4.9.2/avr4/libgcc.a(_umulhisi3.o)
 .text.libgcc.prologue
                0x0000000000000000        0x0 /usr/lib/gcc/avr/4.9.2/avr4/libgcc.a(_umulhisi3.o)
 .text.libgcc.builtins
                0x0000000000000000        0x0 /usr/lib/gcc/avr/4.9.2/avr4/libgcc.a(_umulhisi3.o)
 .text.libgcc.fmul
                0x0000000000000000        0x0 /usr/lib/gcc/avr/4.9.2/avr4/libgcc.a(_umulhisi3.o)
 .text.libgcc.fixed
                0x0000000000000000        0x0 /usr/lib/gcc/avr/4.9.2/avr4/libgcc.a(_umulhisi3.o)
 .text          0x0000000000000000        0x0 /usr/lib/gcc/avr/4.9.2/../../../avr/lib/avr4/libc.a(itoa_ncheck.o)
 .data          0x0000000000000000        0x0 /usr/lib/gcc/avr/4.9.2/../../../avr/lib/avr4/libc.a(itoa_ncheck.o)
 .bss           0x0000000000000000        0x0 /usr/lib/gcc/avr/4.9.2/../../../avr/lib/avr4/libc.a(itoa_ncheck.o)
 .text          0x0000000000000000        0x0 /usr/lib/gcc/avr/4.9.2/../../../avr/lib/avr4/libc.a(ltoa_ncheck.o)
 .data          0x0000000000000000        0x0 /usr/lib/gcc/avr/4.9.2/../../../avr/lib/avr4/libc.a(ltoa_ncheck.o)
 .bss           0x0000000000000000        0x0 /usr/lib/gcc/avr/4.9.2/../../../avr/lib/avr4/libc.a(ltoa_ncheck.o)
 .text.avr-libc
                0x0000000000000000       0x1c /usr/lib/gcc/avr/4.9.2/../../../avr/lib/avr4/libc.a(ltoa_ncheck.o)
 .text          0x0000000000000000        0x0 /usr/lib/gcc/avr/4.9.2/../../../avr/lib/avr4/libc.a(ultoa_ncheck.o)
 .data          0x0000000000000000        0x0 /usr/lib/gcc/avr/4.9.2/../../../avr/lib/avr4/libc.a(ultoa_ncheck.o)
 .bss           0x0000000000000000        0x0 /usr/lib/gcc/avr/4.9.2/../../../avr/lib/avr4/libc.a(ultoa_ncheck.o)
 .text.avr-libc
                0x0000000000000000       0x42 /usr/lib/gcc/avr/4.9.2/../../../avr/lib/avr4/libc.a(ultoa_ncheck.o)
 .text          0x0000000000000000        0x0 /usr/lib/gcc/avr/4.9.2/../../../avr/lib/avr4/libc.a(utoa_ncheck.o)
 .data          0x0000000000000000        0x0 /usr/lib/gcc/avr/4.9.2/../../../avr/lib/avr4/libc.a(utoa_ncheck.o)
 .bss           0x0000000000000000        0x0 /usr/lib/gcc/avr/4.9.2/../../../avr/lib/avr4/libc.a(utoa_ncheck.o)
 .text          0x0000000000000000        0x0 /usr/lib/gcc/avr/4.9.2/../../../avr/lib/avr4/libc.a(strrev.o)
 .data          0x0000000000000000        0x0 /usr/lib/gcc/avr/4.9.2/../../../avr/lib/avr4/libc.a(strrev.o)
 .bss           0x0000000000000000        0x0 /usr/lib/gcc/avr/4.9.2/../../../avr/lib/avr4/libc.a(strrev.o)

Memory Configuration

Name             Origin             Length             Attributes
text             0x0000000000000000 0x0000000000002000 xr
data             0x0000000000800060 0x000000000000ffa0 rw !x
eeprom           0x0000000000810000 0x0000000000010000 rw !x
fuse             0x0000000000820000 0x0000000000000400 rw !x
lock             0x0000000000830000 0x0000000000000400 rw !x
signature        0x0000000000840000 0x0000000000000400 rw !x
user_signatures  0x0000000000850000 0x0000000000000400 rw !x
*default*        0x0000000000000000 0xffffffffffffffff

Linker script and memory map

LOAD /usr/lib/gcc/avr/4.9.2/../../../avr/lib/avr4/crtatmega8.o
LOAD CMakeFiles/atmega8.elf.dir/main.c.o
LOAD CMakeFiles/atmega8.elf.dir/slUart.c.o
LOAD CMakeFiles/atmega8.elf.dir/slSPI.c.o
LOAD CMakeFiles/atmega8.elf.dir/slNRF24.c.o
LOAD CMakeFiles/atmega8.elf.dir/slBME180Measure.c.o
LOAD CMakeFiles/atmega8.elf.dir/BME280.c.o
LOAD CMakeFiles/atmega8.elf.dir/slI2C.c.o
LOAD CMakeFiles/atmega8.elf.dir/slAdc.c.o
LOAD CMakeFiles/atmega8.elf.dir/main_functions.c.o
START GROUP
LOAD /usr/lib/gcc/avr/4.9.2/avr4/libgcc.a
LOAD /usr/lib/gcc/avr/4.9.2/../../../avr/lib/avr4/libm.a
LOAD /usr/lib/gcc/avr/4.9.2/../../../avr/lib/avr4/libc.a
LOAD /usr/lib/gcc/avr/4.9.2/../../../avr/lib/avr4/libatmega8.a
END GROUP

.hash
 *(.hash)

.dynsym
 *(.dynsym)

.dynstr
 *(.dynstr)

.gnu.version
 *(.gnu.version)

.gnu.version_d
 *(.gnu.version_d)

.gnu.version_r
 *(.gnu.version_r)

.rel.init
 *(.rel.init)

.rela.init
 *(.rela.init)

.rel.text
 *(.rel.text)
 *(.rel.text.*)
 *(.rel.gnu.linkonce.t*)

.rela.text
 *(.rela.text)
 *(.rela.text.*)
 *(.rela.gnu.linkonce.t*)

.rel.fini
 *(.rel.fini)

.rela.fini
 *(.rela.fini)

.rel.rodata
 *(.rel.rodata)
 *(.rel.rodata.*)
 *(.rel.gnu.linkonce.r*)

.rela.rodata
 *(.rela.rodata)
 *(.rela.rodata.*)
 *(.rela.gnu.linkonce.r*)

.rel.data
 *(.rel.data)
 *(.rel.data.*)
 *(.rel.gnu.linkonce.d*)

.rela.data
 *(.rela.data)
 *(.rela.data.*)
 *(.rela.gnu.linkonce.d*)

.rel.ctors
 *(.rel.ctors)

.rela.ctors
 *(.rela.ctors)

.rel.dtors
 *(.rel.dtors)

.rela.dtors
 *(.rela.dtors)

.rel.got
 *(.rel.got)

.rela.got
 *(.rela.got)

.rel.bss
 *(.rel.bss)

.rela.bss
 *(.rela.bss)

.rel.plt
 *(.rel.plt)

.rela.plt
 *(.rela.plt)

.text           0x0000000000000000      0x762
 *(.vectors)
 .vectors       0x0000000000000000       0x26 /usr/lib/gcc/avr/4.9.2/../../../avr/lib/avr4/crtatmega8.o
                0x0000000000000000                __vectors
                0x0000000000000000                __vector_default
 *(.vectors)
 *(.progmem.gcc*)
                0x0000000000000026                . = ALIGN (0x2)
                0x0000000000000026                __trampolines_start = .
 *(.trampolines)
 .trampolines   0x0000000000000026        0x0 linker stubs
 *(.trampolines*)
                0x0000000000000026                __trampolines_end = .
 *(.progmem*)
                0x0000000000000026                . = ALIGN (0x2)
 *(.jumptables)
 *(.jumptables*)
 *(.lowtext)
 *(.lowtext*)
                0x0000000000000026                __ctors_start = .
 *(.ctors)
                0x0000000000000026                __ctors_end = .
                0x0000000000000026                __dtors_start = .
 *(.dtors)
                0x0000000000000026                __dtors_end = .
 SORT(*)(.ctors)
 SORT(*)(.dtors)
 *(.init0)
 .init0         0x0000000000000026        0x0 /usr/lib/gcc/avr/4.9.2/../../../avr/lib/avr4/crtatmega8.o
                0x0000000000000026                __init
 *(.init0)
 *(.init1)
 *(.init1)
 *(.init2)
 .init2         0x0000000000000026        0xc /usr/lib/gcc/avr/4.9.2/../../../avr/lib/avr4/crtatmega8.o
 *(.init2)
 *(.init3)
 *(.init3)
 *(.init4)
 .init4         0x0000000000000032       0x16 /usr/lib/gcc/avr/4.9.2/avr4/libgcc.a(_copy_data.o)
                0x0000000000000032                __do_copy_data
 .init4         0x0000000000000048       0x10 /usr/lib/gcc/avr/4.9.2/avr4/libgcc.a(_clear_bss.o)
                0x0000000000000048                __do_clear_bss
 *(.init4)
 *(.init5)
 *(.init5)
 *(.init6)
 *(.init6)
 *(.init7)
 *(.init7)
 *(.init8)
 *(.init8)
 *(.init9)
 .init9         0x0000000000000058        0x4 /usr/lib/gcc/avr/4.9.2/../../../avr/lib/avr4/crtatmega8.o
 *(.init9)
 *(.text)
 .text          0x000000000000005c        0x2 /usr/lib/gcc/avr/4.9.2/../../../avr/lib/avr4/crtatmega8.o
                0x000000000000005c                __vector_1
                0x000000000000005c                __vector_12
                0x000000000000005c                __bad_interrupt
                0x000000000000005c                __vector_6
                0x000000000000005c                __vector_3
                0x000000000000005c                __vector_11
                0x000000000000005c                __vector_13
                0x000000000000005c                __vector_17
                0x000000000000005c                __vector_7
                0x000000000000005c                __vector_5
                0x000000000000005c                __vector_4
                0x000000000000005c                __vector_9
                0x000000000000005c                __vector_15
                0x000000000000005c                __vector_8
                0x000000000000005c                __vector_14
                0x000000000000005c                __vector_10
                0x000000000000005c                __vector_16
                0x000000000000005c                __vector_18
                0x000000000000005e                . = ALIGN (0x2)
 *(.text.*)
 .text.setupInt1
                0x000000000000005e       0x18 CMakeFiles/atmega8.elf.dir/main.c.o
                0x000000000000005e                setupInt1
 .text.startup.main
                0x0000000000000076       0x16 CMakeFiles/atmega8.elf.dir/main.c.o
                0x0000000000000076                main
 .text.__vector_2
                0x000000000000008c       0xc6 CMakeFiles/atmega8.elf.dir/main.c.o
                0x000000000000008c                __vector_2
 .text.slUART_SimpleTransmitInit
                0x0000000000000152        0xc CMakeFiles/atmega8.elf.dir/slUart.c.o
                0x0000000000000152                slUART_SimpleTransmitInit
 .text.slUART_WriteByte
                0x000000000000015e        0x8 CMakeFiles/atmega8.elf.dir/slUart.c.o
                0x000000000000015e                slUART_WriteByte
 .text.slUART_WriteString
                0x0000000000000166       0x16 CMakeFiles/atmega8.elf.dir/slUart.c.o
                0x0000000000000166                slUART_WriteString
 .text.slUART_WriteStringNl
                0x000000000000017c        0x8 CMakeFiles/atmega8.elf.dir/slUart.c.o
                0x000000000000017c                slUART_WriteStringNl
 .text.slUART_LogBinary
                0x0000000000000184       0x36 CMakeFiles/atmega8.elf.dir/slUart.c.o
                0x0000000000000184                slUART_LogBinary
 .text.slUART_LogBinaryNl
                0x00000000000001ba        0x8 CMakeFiles/atmega8.elf.dir/slUart.c.o
                0x00000000000001ba                slUART_LogBinaryNl
 .text.slUART_LogHex
                0x00000000000001c2       0x36 CMakeFiles/atmega8.elf.dir/slUart.c.o
                0x00000000000001c2                slUART_LogHex
 .text.slUART_WriteBuffer
                0x00000000000001f8       0x42 CMakeFiles/atmega8.elf.dir/slUart.c.o
                0x00000000000001f8                slUART_WriteBuffer
 .text.slSPI_Init
                0x000000000000023a       0x22 CMakeFiles/atmega8.elf.dir/slSPI.c.o
                0x000000000000023a                slSPI_Init
 .text.slSPI_TransferInt
                0x000000000000025c        0xa CMakeFiles/atmega8.elf.dir/slSPI.c.o
                0x000000000000025c                slSPI_TransferInt
 .text.slNRF24_IoInit
                0x0000000000000266        0xa CMakeFiles/atmega8.elf.dir/slNRF24.c.o
                0x0000000000000266                slNRF24_IoInit
 .text.slNRF24_SetRegister
                0x0000000000000270       0x6e CMakeFiles/atmega8.elf.dir/slNRF24.c.o
                0x0000000000000270                slNRF24_SetRegister
 .text.slNRF24_GetRegister
                0x00000000000002de       0x6e CMakeFiles/atmega8.elf.dir/slNRF24.c.o
                0x00000000000002de                slNRF24_GetRegister
 .text.slNRF24_ChangeAddress
                0x000000000000034c       0x70 CMakeFiles/atmega8.elf.dir/slNRF24.c.o
                0x000000000000034c                slNRF24_ChangeAddress
 .text.slNRF24_Init
                0x00000000000003bc       0xd0 CMakeFiles/atmega8.elf.dir/slNRF24.c.o
                0x00000000000003bc                slNRF24_Init
 .text.slNRF24_Reset
                0x000000000000048c       0x2e CMakeFiles/atmega8.elf.dir/slNRF24.c.o
                0x000000000000048c                slNRF24_Reset
 .text.slNRF24_CE_LOW
                0x00000000000004ba        0x4 CMakeFiles/atmega8.elf.dir/slNRF24.c.o
                0x00000000000004ba                slNRF24_CE_LOW
 .text.slNRF24_TransmitPayload
                0x00000000000004be       0x94 CMakeFiles/atmega8.elf.dir/slNRF24.c.o
                0x00000000000004be                slNRF24_TransmitPayload
 .text.slNRF24_Clear_MAX_RT
                0x0000000000000552       0x30 CMakeFiles/atmega8.elf.dir/slNRF24.c.o
                0x0000000000000552                slNRF24_Clear_MAX_RT
 .text.slNRF24_PowerDown
                0x0000000000000582       0x32 CMakeFiles/atmega8.elf.dir/slNRF24.c.o
                0x0000000000000582                slNRF24_PowerDown
 .text.slNRF24_FlushTx
                0x00000000000005b4       0x22 CMakeFiles/atmega8.elf.dir/slNRF24.c.o
                0x00000000000005b4                slNRF24_FlushTx
 .text.slNRF24_TxPowerUp
                0x00000000000005d6       0x3a CMakeFiles/atmega8.elf.dir/slNRF24.c.o
                0x00000000000005d6                slNRF24_TxPowerUp
 .text.slNRF24_FlushRx
                0x0000000000000610       0x22 CMakeFiles/atmega8.elf.dir/slNRF24.c.o
                0x0000000000000610                slNRF24_FlushRx
 .text.slNRF24_RxPowerUp
                0x0000000000000632       0x38 CMakeFiles/atmega8.elf.dir/slNRF24.c.o
                0x0000000000000632                slNRF24_RxPowerUp
 .text.clearData
                0x000000000000066a       0x10 CMakeFiles/atmega8.elf.dir/main_functions.c.o
                0x000000000000066a                clearData
 .text.getMesurements
                0x000000000000067a       0x28 CMakeFiles/atmega8.elf.dir/main_functions.c.o
                0x000000000000067a                getMesurements
 .text.resetNRF24L01
                0x00000000000006a2       0x1e CMakeFiles/atmega8.elf.dir/main_functions.c.o
                0x00000000000006a2                resetNRF24L01
 .text.getDataFromNRF24L01
                0x00000000000006c0       0x12 CMakeFiles/atmega8.elf.dir/main_functions.c.o
                0x00000000000006c0                getDataFromNRF24L01
 .text.resetAfterSendData
                0x00000000000006d2        0x8 CMakeFiles/atmega8.elf.dir/main_functions.c.o
                0x00000000000006d2                resetAfterSendData
 .text.sendVianRF24L01
                0x00000000000006da       0x1e CMakeFiles/atmega8.elf.dir/main_functions.c.o
                0x00000000000006da                sendVianRF24L01
 .text.avr-libc
                0x00000000000006f8       0x14 /usr/lib/gcc/avr/4.9.2/../../../avr/lib/avr4/libc.a(itoa_ncheck.o)
                0x00000000000006f8                __itoa_ncheck
 .text.avr-libc
                0x000000000000070c       0x32 /usr/lib/gcc/avr/4.9.2/../../../avr/lib/avr4/libc.a(utoa_ncheck.o)
                0x000000000000070c                __utoa_ncheck
                0x000000000000070e                __utoa_common
 .text.avr-libc
                0x000000000000073e       0x20 /usr/lib/gcc/avr/4.9.2/../../../avr/lib/avr4/libc.a(strrev.o)
                0x000000000000073e                strrev
                0x000000000000075e                . = ALIGN (0x2)
 *(.fini9)
 .fini9         0x000000000000075e        0x0 /usr/lib/gcc/avr/4.9.2/avr4/libgcc.a(_exit.o)
                0x000000000000075e                exit
                0x000000000000075e                _exit
 *(.fini9)
 *(.fini8)
 *(.fini8)
 *(.fini7)
 *(.fini7)
 *(.fini6)
 *(.fini6)
 *(.fini5)
 *(.fini5)
 *(.fini4)
 *(.fini4)
 *(.fini3)
 *(.fini3)
 *(.fini2)
 *(.fini2)
 *(.fini1)
 *(.fini1)
 *(.fini0)
 .fini0         0x000000000000075e        0x4 /usr/lib/gcc/avr/4.9.2/avr4/libgcc.a(_exit.o)
 *(.fini0)
                0x0000000000000762                _etext = .

.data           0x0000000000800060       0xf0 load address 0x0000000000000762
                0x0000000000800060                PROVIDE (__data_start, .)
 *(.data)
 *(.data*)
 *(.rodata)
 *(.rodata*)
 .rodata.str1.1
                0x0000000000800060       0x82 CMakeFiles/atmega8.elf.dir/main.c.o
 .rodata.str1.1
                0x00000000008000e2       0x82 CMakeFiles/atmega8.elf.dir/slUart.c.o
                                          0x3 (size before relaxing)
 .rodata.str1.1
                0x00000000008000e2       0x6e CMakeFiles/atmega8.elf.dir/main_functions.c.o
 *(.gnu.linkonce.d*)
                0x0000000000800164                . = ALIGN (0x2)
                0x0000000000800164                _edata = .
                0x0000000000800164                PROVIDE (__data_end, .)

.bss            0x0000000000800150       0x7c
                0x0000000000800150                PROVIDE (__bss_start, .)
 *(.bss)
 .bss           0x0000000000800150        0x2 CMakeFiles/atmega8.elf.dir/main.c.o
                0x0000000000800150                error
                0x0000000000800151                status
 .bss           0x0000000000800152        0x1 CMakeFiles/atmega8.elf.dir/main_functions.c.o
                0x0000000000800152                nextNumber
 *(.bss*)
 *(COMMON)
 COMMON         0x0000000000800153       0x79 CMakeFiles/atmega8.elf.dir/main_functions.c.o
                0x0000000000800153                dataFromNRF24L01
                0x0000000000800164                voltage
                0x0000000000800187                light
                0x00000000008001aa                buffer
                0x00000000008001bb                BME180measure
                0x00000000008001cc                PROVIDE (__bss_end, .)
                0x0000000000000762                __data_load_start = LOADADDR (.data)
                0x0000000000000852                __data_load_end = (__data_load_start + SIZEOF (.data))

.noinit         0x00000000008001cc        0x0
                0x00000000008001cc                PROVIDE (__noinit_start, .)
 *(.noinit*)
                0x00000000008001cc                PROVIDE (__noinit_end, .)
                0x00000000008001cc                _end = .
                0x00000000008001cc                PROVIDE (__heap_start, .)

.eeprom         0x0000000000810000        0x0
 *(.eeprom*)
                0x0000000000810000                __eeprom_end = .

.fuse
 *(.fuse)
 *(.lfuse)
 *(.hfuse)
 *(.efuse)

.lock
 *(.lock*)

.signature
 *(.signature*)

.user_signatures
 *(.user_signatures*)

.stab
 *(.stab)

.stabstr
 *(.stabstr)

.stab.excl
 *(.stab.excl)

.stab.exclstr
 *(.stab.exclstr)

.stab.index
 *(.stab.index)

.stab.indexstr
 *(.stab.indexstr)

.comment        0x0000000000000000       0x11
 *(.comment)
 .comment       0x0000000000000000       0x11 CMakeFiles/atmega8.elf.dir/main.c.o
                                         0x12 (size before relaxing)
 .comment       0x0000000000000011       0x12 CMakeFiles/atmega8.elf.dir/slUart.c.o
 .comment       0x0000000000000011       0x12 CMakeFiles/atmega8.elf.dir/slSPI.c.o
 .comment       0x0000000000000011       0x12 CMakeFiles/atmega8.elf.dir/slNRF24.c.o
 .comment       0x0000000000000011       0x12 CMakeFiles/atmega8.elf.dir/main_functions.c.o

.note.gnu.avr.deviceinfo
                0x0000000000000000       0x3c
 .note.gnu.avr.deviceinfo
                0x0000000000000000       0x3c /usr/lib/gcc/avr/4.9.2/../../../avr/lib/avr4/crtatmega8.o

.note.gnu.build-id
 *(.note.gnu.build-id)

.debug
 *(.debug)

.line
 *(.line)

.debug_srcinfo
 *(.debug_srcinfo)

.debug_sfnames
 *(.debug_sfnames)

.debug_aranges
 *(.debug_aranges)

.debug_pubnames
 *(.debug_pubnames)

.debug_info
 *(.debug_info .gnu.linkonce.wi.*)

.debug_abbrev
 *(.debug_abbrev)

.debug_line
 *(.debug_line .debug_line.* .debug_line_end)

.debug_frame
 *(.debug_frame)

.debug_str
 *(.debug_str)

.debug_loc
 *(.debug_loc)

.debug_macinfo
 *(.debug_macinfo)

.debug_weaknames
 *(.debug_weaknames)

.debug_funcnames
 *(.debug_funcnames)

.debug_typenames
 *(.debug_typenames)

.debug_varnames
 *(.debug_varnames)

.debug_pubtypes
 *(.debug_pubtypes)

.debug_ranges
 *(.debug_ranges)

.debug_macro
 *(.debug_macro)
OUTPUT(../bin/atmega8.elf elf32-avr)
LOAD linker stubs
